nand_osal_uboot.c:130:14:NAND_RequestDMA	8	static
nand_osal_uboot.c:150:5:NAND_ReleaseDMA	8	static
nand_osal_uboot.c:177:7:NAND_DMAConfigStart	88	static
nand_osal_uboot.c:274:9:NAND_QueryDmaStat	0	static
nand_osal_uboot.c:280:5:NAND_WaitDmaFinish	0	static
nand_osal_uboot.c:285:5:NAND_ClkRequest	0	static
nand_osal_uboot.c:290:6:NAND_ClkRelease	0	static
nand_osal_uboot.c:295:5:NAND_AHBEnable	0	static
nand_osal_uboot.c:301:6:NAND_AHBDisable	0	static
nand_osal_uboot.c:306:5:NAND_ClkEnable	0	static
nand_osal_uboot.c:313:6:NAND_ClkDisable	0	static
nand_osal_uboot.c:334:7:_GetCmuClk	0	static
nand_osal_uboot.c:365:5:NAND_SetClk	16	static
nand_osal_uboot.c:405:5:NAND_GetClk	8	static
nand_osal_uboot.c:424:6:NAND_PIORequest	0	static
nand_osal_uboot.c:434:6:NAND_PIORelease	0	static
nand_osal_uboot.c:439:8:NAND_Malloc	0	static
nand_osal_uboot.c:444:6:NAND_Free	0	static
nand_osal_uboot.c:449:7:OSAL_IrqUnLock	0	static
nand_osal_uboot.c:453:7:OSAL_IrqLock	0	static
nand_osal_uboot.c:458:5:NAND_WaitRbReady	0	static
nand_osal_uboot.c:463:7:NAND_IORemap	0	static
nand_osal_uboot.c:483:5:NAND_Print	8	static
