nand_for_uboot.c:57:16:nand_write_uboot	16	static
nand_for_uboot.c:47:16:nand_read_uboot	16	static
nand_for_uboot.c:39:19:nand_get_dev	8	static
nand_for_uboot.c:134:5:nand_init_uboot	8	static
nand_for_uboot.c:165:5:NAND_PhyRead	0	static
nand_for_uboot.c:182:5:NAND_PhyRead_Seq	0	static
nand_for_uboot.c:187:5:NAND_PhyRead_1K	0	static
nand_for_uboot.c:204:5:NAND_PhyWrite	0	static
nand_for_uboot.c:208:5:NAND_PhyWrite_1K	0	static
nand_for_uboot.c:212:5:NAND_PhyWrite_Seq	0	static
nand_for_uboot.c:229:5:NAND_PhyErase	0	static
nand_for_uboot.c:245:5:NAND_PhyInit	16	static
nand_for_uboot.c:299:5:NAND_PhyExit	8	static
nand_for_uboot.c:319:5:NAND_LogicWrite	0	static
nand_for_uboot.c:67:5:nand_erase_uboot	48	static
nand_for_uboot.c:341:5:NAND_LogicRead	0	static
nand_for_uboot.c:362:5:NAND_Init	8	static
nand_for_uboot.c:424:5:NAND_Exit	8	static
nand_for_uboot.c:460:5:NAND_HWScanStart	16	static
nand_for_uboot.c:500:5:NAND_HWScanStop	8	static
nand_for_uboot.c:657:5:NAND_VersionGet	0	static
nand_for_uboot.c:679:5:NAND_VersionCheck	64	static
nand_for_uboot.c:808:6:NAND_EraseBootBlocks	32	static
nand_for_uboot.c:844:6:NAND_EraseChip	216	static
nand_for_uboot.c:1004:5:NAND_BadBlockScan	152	static
