nand_simple_r.c:55:6:_add_cmd_list	0	static
nand_simple_r.c:71:6:_cal_addr_in_chip	0	static
nand_simple_r.c:114:6:_cal_real_chip	16	static
nand_simple_r.c:210:6:_cal_real_rb	8	static
nand_simple_r.c:258:7:_read_status	56	static
nand_simple_r.c:284:7:_wait_rb_ready	16	static
nand_simple_r.c:327:7:_wait_rb_ready_int	16	static
nand_simple_r.c:345:6:_pending_dma_irq_sem	0	static
nand_simple_r.c:350:6:_random_seed_init	0	static
nand_simple_r.c:355:7:_cal_random_seed	0	static
nand_simple_r.c:572:7:PHY_Init	16	static
nand_simple_r.c:597:7:PHY_GetDefaultParam	184	static
nand_simple_r.c:750:7:PHY_SetDefaultParam	80	static
nand_simple_r.c:764:7:PHY_ChangeMode	24	static
nand_simple_r.c:816:7:PHY_Exit	16	static
nand_simple_r.c:863:8:PHY_ResetChip	48	static
nand_simple_r.c:364:7:_read_single_page	216	static
nand_simple_r.c:911:8:PHY_ReadNandId	48	static
nand_simple_r.c:946:8:PHY_CheckWp	16	static
nand_simple_r.c:971:6:_pending_rb_irq_sem	0	static
nand_simple_r.c:976:6:_do_irq	0	static
nand_simple_r.c:982:7:PHY_SimpleRead	0	static
nand_simple_r.c:1009:7:PHY_SynchBank	40	static
