4a000000 T _start
4a000020 t _undefined_instruction
4a000024 t _software_interrupt
4a000028 t _prefetch_abort
4a00002c t _data_abort
4a000030 t _not_used
4a000034 t _irq
4a000038 t _fiq
4a00003c t _pad
4a000040 T _TEXT_BASE
4a000040 T _end_vect
4a000044 T _bss_start_ofs
4a000048 T _image_copy_end_ofs
4a00004c T _bss_end_ofs
4a000050 T _end_ofs
4a000054 T IRQ_STACK_START_IN
4a000058 t reset
4a000070 t call_board_init_f
4a000080 T relocate_code
4a00008c t stack_setup
4a0000ac t copy_loop
4a0000dc t fixloop
4a000100 t fixabs
4a000114 t fixrel
4a00011c t fixnext
4a000130 t _rel_dyn_start_ofs
4a000134 t _rel_dyn_end_ofs
4a000138 t _dynsym_start_ofs
4a00013c t clear_bss
4a000154 t clbss_l
4a000164 t jump_2_ram
4a00018c t _board_init_r_ofs
4a000190 t cpu_init_crit
4a0001e0 t undefined_instruction
4a000240 t software_interrupt
4a0002a0 t prefetch_abort
4a000300 t data_abort
4a000360 t not_used
4a0003c0 t irq
4a000420 t fiq
4a000480 t v7_maint_dcache_all
4a000568 t v7_dcache_inval_range
4a0005e8 T invalidate_icache_all
4a000600 T __v7_outer_cache_enable
4a000600 W v7_outer_cache_enable
4a000604 T __v7_outer_cache_disable
4a000604 W v7_outer_cache_disable
4a000608 T __v7_outer_cache_flush_all
4a000608 W v7_outer_cache_flush_all
4a00060c T flush_dcache_all
4a000620 T __v7_outer_cache_inval_all
4a000620 W v7_outer_cache_inval_all
4a000624 T invalidate_dcache_all
4a000638 T arm_init_before_mmu
4a000660 T __v7_outer_cache_flush_range
4a000660 W v7_outer_cache_flush_range
4a000664 T flush_dcache_range
4a0006a0 T flush_cache
4a0006a8 T __v7_outer_cache_inval_range
4a0006a8 W v7_outer_cache_inval_range
4a0006ac T invalidate_dcache_range
4a0006e8 T save_boot_params_default
4a0006e8 W save_boot_params
4a0006ec T cleanup_before_linux
4a00070c T sdelay
4a000718 T sr32
4a00073c T wait_on_value
4a000770 T timer_init
4a000790 T get_timer_masked
4a0007ec T get_timer
4a000800 T __udelay
4a00085c T get_ticks
4a00086c T get_tbclk
4a000874 T tick_printf
4a000878 T stick_printf
4a0008bc T print_boot_type
4a000938 T print_cpuinfo
4a000950 T watchdog_init
4a000964 T clock_init
4a00096c T gpio_init
4a000970 T sdram_init
4a000978 T get_base
4a000984 T is_running_in_sdram
4a00099c T s_init
4a0009b0 T reset_cpu
4a0009cc T enable_caches
4a0009d0 T sunxi_key_init
4a000a5c T sunxi_read_key
4a000a7c T sunxi_check_recovery
4a000af4 T sunxi_check_fastboot
4a000b6c T sunxi_key_hexdump
4a000be8 T do_key_test
4a000c20 t fastboot_bulk_endpoint_reset
4a000d04 t WriteDataStatusComplete.constprop.4
4a000d5c t fastboot_resume
4a00169c T fastboot_shutdown
4a0016f0 T fastboot_is_highspeed
4a00170c T fastboot_fifo_size
4a001728 T fastboot_poll
4a001aa0 T fastboot_tx_status
4a001bb4 T fastboot_tx
4a001bb8 T fastboot_getvar
4a001bc0 T fastboot_preboot
4a001bc8 T close_usb_clock
4a001bec T fastboot_init
4a001df8 T _unsparse
4a001fcc T do_unsparse
4a002024 t calc_crc32.constprop.0
4a0020c4 T sunxi_partition_get_total_num
4a0020ec T sunxi_partition_get_name
4a002114 T sunxi_partition_get_offset
4a002184 T sunxi_partition_get_size
4a0021f4 T sunxi_partition_get_offset_byname
4a002298 T sunxi_partition_get_size_byname
4a00233c T sunxi_partition_get_info_byname
4a002400 T sunxi_partition_init
4a0025cc t null_irq_hdle
4a0025d0 T irq_request
4a0025e8 T irq_free
4a002608 T irq_enable
4a00264c T irq_disable
4a002690 T gic_sgi_handler
4a002694 T gic_ppi_handler
4a002698 T gic_spi_handler
4a0026c0 T gic_clear_pending
4a0026e4 T gic_irq_handler
4a00272c T init_gic
4a00288c t _test_str_length
4a0028bc t sw_cfg_get_subkey
4a002950 t gpio_request.part.0
4a002db0 T sw_cfg_get_int
4a002de4 T sw_cfg_get_str
4a002e3c T script_parser_init_early
4a002e5c T script_parser_init
4a002e80 T script_parser_exit
4a002e98 T script_parser_fetch
4a0030d4 T script_parser_patch
4a003308 T script_parser_fetch_ex
4a003558 T script_parser_subkey_count
4a00360c T script_parser_mainkey_count
4a003628 T script_parser_mainkey_get_gpio_count
4a003724 T script_parser_mainkey_get_gpio_cfg
4a003890 T sw_gpio_init
4a003898 T gpio_exit
4a0038a0 T gpio_request
4a0038b8 T gpio_request_ex
4a003958 T gpio_release
4a003b58 T gpio_get_all_pin_status
4a003df4 T gpio_get_one_pin_status
4a003f5c T gpio_set_one_pin_status
4a0040f4 T gpio_set_one_pin_io_status
4a0041b4 T gpio_set_one_pin_pull
4a004274 T gpio_set_one_pin_driver_level
4a004334 T gpio_read_one_pin_value
4a0043f4 T gpio_write_one_pin_value
4a0044cc T USBC_GetVbusStatus
4a004504 T USBC_OTG_SelectMode
4a004508 T USBC_ReadLenFromFifo
4a004534 T USBC_WritePacket
4a004594 T USBC_ReadPacket
4a0045f4 T USBC_ConfigFIFO_Base
4a00462c T USBC_GetPortFifoStartAddr
4a004660 T USBC_GetPortFifoSize
4a004684 T USBC_SelectFIFO
4a004694 T __USBC_ConfigFifo_TxEp
4a0046e8 T __USBC_ConfigFifo_RxEp_Default
4a0046f8 T __USBC_ConfigFifo_RxEp
4a00474c T USBC_ConfigFifo_Default
4a004784 T USBC_ConfigFifo
4a0047c0 T USBC_GetLastFrameNumber
4a0047d0 T USBC_GetStatus_Dp
4a0047e8 T USBC_GetStatus_Dm
4a004800 T USBC_GetStatus_DpDm
4a004824 T USBC_GetOtgMode_Form_ID
4a004840 T USBC_GetOtgMode_Form_BDevice
4a004858 T USBC_SelectBus
4a00489c T USBC_INT_EpPending
4a0048e0 T USBC_INT_ClearEpPending
4a004934 T USBC_INT_ClearEpPendingAll
4a004978 T USBC_INT_MiscPending
4a00498c T USBC_INT_ClearMiscPending
4a00499c T USBC_INT_ClearMiscPendingAll
4a0049b0 T USBC_INT_EnableEp
4a004a0c T USBC_INT_EnableUsbMiscUint
4a004a24 T USBC_INT_DisableEp
4a004a70 T USBC_INT_DisableUsbMiscUint
4a004a88 T USBC_INT_DisableEpAll
4a004ac4 T USBC_INT_DisableUsbMiscAll
4a004ad8 T USBC_GetActiveEp
4a004aec T USBC_SelectActiveEp
4a004afc T USBC_EnhanceSignal
4a004b00 T USBC_EnterMode_TestPacket
4a004b18 T USBC_EnterMode_Test_K
4a004b30 T USBC_EnterMode_Test_J
4a004b48 T USBC_EnterMode_Test_SE0_NAK
4a004b60 T USBC_EnterMode_Idle
4a004bac T USBC_SetWakeUp_Default
4a004bb0 T USBC_EnableIdPullUp
4a004bc8 T USBC_DisableIdPullUp
4a004be0 T USBC_EnableDpDmPullUp
4a004bf8 T USBC_DisableDpDmPullUp
4a004c10 T USBC_ForceId
4a004c60 T USBC_ForceVbusValid
4a004cb0 T USBC_A_valid_InputSelect
4a004cb4 T USBC_EnableUsbLineStateBypass
4a004cb8 T USBC_DisableUsbLineStateBypass
4a004cbc T USBC_EnableHosc
4a004cd4 T USBC_DisableHosc
4a004ce8 T USBC_IsVbusChange
4a004d04 T USBC_IsIdChange
4a004d20 T USBC_IsDpDmChange
4a004d3c T USBC_DisableWakeIrq
4a004d50 T USBC_DisableVbusChange
4a004d64 T USBC_DisableIdChange
4a004d78 T USBC_DisableDpDmChange
4a004d8c T USBC_EnableWakeIrq
4a004da4 T USBC_EnableVbusChange
4a004dbc T USBC_EnableIdChange
4a004dd4 T USBC_EnableDpDmChange
4a004dec T USBC_TestMode_ReadReg
4a004e34 T USBC_PrintAllReg
4a0051a0 T USBC_open_otg
4a0051e0 T USBC_close_otg
4a005208 T USBC_init
4a005244 T USBC_exit
4a005288 T USBC_Dev_SetAddress_default
4a00529c T USBC_Dev_SetAddress
4a0052ac T USBC_Dev_QueryTransferMode
4a0052cc T USBC_Dev_ConfigTransferMode
4a00533c T USBC_Dev_ConectSwitch
4a005360 T USBC_Dev_QueryPowerStatus
4a005374 T USBC_Dev_ConfigEp
4a005470 T USBC_Dev_ConfigEp_Default
4a0054d4 T USBC_Dev_ConfigEpDma
4a005528 T USBC_Dev_ClearEpDma
4a005584 T USBC_Dev_IsEpStall
4a0055c8 T USBC_Dev_EpSendStall
4a00562c T USBC_Dev_EpClearStall
4a0056d0 T USBC_Dev_Ctrl_IsSetupEnd
4a0056e4 T USBC_Dev_Ctrl_ClearSetupEnd
4a0056fc T USBC_Dev_WriteDataStatus
4a005788 T USBC_Dev_ReadDataStatus
4a005814 T USBC_Dev_IsReadDataReady
4a005854 T USBC_Dev_IsWriteDataReady
4a005898 T USBC_Host_SetFunctionAddress_Deafult
4a0058f4 T USBC_Host_SetFunctionAddress
4a005968 T USBC_Host_SetHubAddress_Deafult
4a0059a4 T USBC_Host_SetHubAddress
4a0059e4 T USBC_Host_SetHPortAddress_Deafult
4a005a20 T USBC_Host_SetHPortAddress
4a005a54 T USBC_Host_QueryTransferMode
4a005a74 T USBC_Host_ConfigTransferMode
4a005aa8 T USBC_Host_ResetPort
4a005ac0 T USBC_Host_ClearResetPortFlag
4a005ad8 T USBC_Host_RusumePort
4a005af0 T USBC_Host_ClearRusumePortFlag
4a005b08 T USBC_Host_SuspendPort
4a005b20 T USBC_Host_QueryPowerStatus
4a005b34 T USBC_Host_StartSession
4a005b4c T USBC_Host_EndSession
4a005b64 T USBC_Host_PeripheralType
4a005b84 T USBC_Host_FlushFifo
4a005bd0 T USBC_Host_ConfigEp_Default
4a005c54 T USBC_Host_ConfigEp
4a005d9c T USBC_Host_ConfigEpDma
4a005de0 T USBC_Host_ClearEpDma
4a005e30 T USBC_Host_IsEpNakTimeOut
4a005e78 T USBC_Host_ClearEpNakTimeOut
4a005ed0 T USBC_Host_IsEpError
4a005f24 T USBC_Host_ClearEpError
4a005f8c T USBC_Host_IsEpStall
4a005fe4 T USBC_Host_ClearEpStall
4a006050 T USBC_Host_ClearEpCSR
4a006090 T USBC_Host_IsReadDataReady
4a0060d0 T USBC_Host_IsWriteDataReady
4a006120 T USBC_Host_ReadDataStatus
4a0061c0 T USBC_Host_WriteDataStatus
4a006240 T USBC_Host_IsReqPktSet
4a006280 T USBC_Host_StartInToken
4a0062c4 T USBC_Host_StopInToken
4a006314 T USBC_Host_ConfigRqPktCount
4a00632c T USBC_Host_ClearRqPktCount
4a006340 T USBC_Host_EnablePing
4a006360 T USBC_Host_DisablePing
4a006378 T USBC_Host_SendCtrlStatus
4a00639c T USBC_Host_SendSetupPkt
4a0063b4 T USBC_PHY_SetCommonConfig
4a0063b8 T USBC_PHY_SetPrivateConfig
4a0063bc T USBC_PHY_GetCommonConfig
4a0063c4 T USBC_phy_Standby
4a006458 T USBC_Phy_Standby_Recover
4a00645c t _TEXT_BASE
4a006460 T lowlevel_init
4a00647c t SRAM_STACK
4a006480 T sunxi_pre_clean
4a006480 T sunxi_reset
4a006490 t _loop_forever
4a006498 t display_banner
4a0064b8 t init_baudrate
4a00650c T __coloured_LED_init
4a00650c W coloured_LED_init
4a006510 T __red_LED_on
4a006510 W red_LED_on
4a006514 T __red_LED_off
4a006514 W red_LED_off
4a006518 T __green_LED_on
4a006518 W green_LED_on
4a00651c T __green_LED_off
4a00651c W green_LED_off
4a006520 T __yellow_LED_on
4a006520 W yellow_LED_on
4a006524 T __yellow_LED_off
4a006524 W yellow_LED_off
4a006528 T __blue_LED_on
4a006528 W blue_LED_on
4a00652c T __blue_LED_off
4a00652c W blue_LED_off
4a006530 T __dram_init_banksize
4a00654c T board_init_r
4a00678c T hang
4a0067a0 T board_init_f
4a0068cc t setup_start_tag
4a006904 t setup_memory_tags
4a00693c t setup_commandline_tag.isra.2
4a0069b4 T arch_lmb_reserve
4a0069d8 T do_bootm_linux
4a006ae0 T do_boota_linux
4a006be0 T __flush_cache
4a006be4 T __flush_dcache_all
4a006bf0 T __enable_caches
4a006bfc t cp_delay
4a006c2c T __arm_init_before_mmu
4a006c30 t mmu_setup
4a006cbc T icache_enable
4a006cd4 T icache_disable
4a006cec T icache_status
4a006cfc T dcache_enable
4a006d24 T dcache_disable
4a006d48 T dcache_status
4a006d58 T interrupt_init
4a006d74 T enable_interrupts
4a006d78 T disable_interrupts
4a006d80 T bad_mode
4a006d90 T show_regs
4a006ecc T do_undefined_instruction
4a006eec T do_software_interrupt
4a006f0c T do_prefetch_abort
4a006f2c T do_data_abort
4a006f4c T do_not_used
4a006f6c T do_fiq
4a006f8c T do_irq
4a006fac T do_reset
4a006fdc W do_go_exec
4a006ff4 T do_go
4a007064 T do_boota
4a007194 t __fswab32
4a0071b0 T do_bootd
4a0071d4 t image_get_size
4a0071dc t do_bootm_rtems
4a007214 t do_bootm_netbsd
4a007344 t bootm_load_os.isra.8
4a0074a4 t bootm_start.isra.7
4a00781c T __arch_preboot_os
4a00781c W arch_preboot_os
4a007820 T do_bootm_subcommand
4a007a64 T do_bootm
4a007cf8 T bootm_maybe_autostart
4a007d6c T do_exit
4a007da0 T do_ext2load
4a0080a8 T do_ext2ls
4a0081d4 T do_ext4_ls
4a0081e8 T do_ext4_load
4a008200 t reset_handler
4a008230 t memparse
4a008298 t set_env
4a0082cc t save_env
4a008418 t parse_env.constprop.2
4a008644 T fastboot_flash_add_ptn
4a008680 T fastboot_flash_dump_ptn
4a0086d0 T fastboot_flash_find_ptn
4a008754 t rx_handler
4a0092dc T fastboot_flash_get_ptn
4a009300 T do_fastboot
4a00993c T fastboot_flash_get_ptn_count
4a00994c T do_fat_fsinfo
4a009a24 T do_fat_ls
4a009b2c T do_fat_fsdown
4a009c9c T do_fat_fsload
4a009e20 T do_help
4a009e64 T do_mem_base
4a009ea4 T do_mem_mtest
4a00a044 T do_mem_loop
4a00a138 T do_mem_md
4a00a214 T do_mem_crc
4a00a2bc T do_mem_cp
4a00a390 T do_mem_cmp
4a00a530 T do_mem_mw
4a00a5ec t mod_mem.part.4
4a00a740 T do_mem_nm
4a00a758 T do_mem_mm
4a00a770 T do_mmcops
4a00abb0 T do_mmcinfo
4a00ad48 t nand_print_info
4a00ada4 T do_nandboot
4a00b0a4 t str2off
4a00b0e0 t arg_off_size
4a00b2e4 T do_nand
4a00bc90 t do_env
4a00bcf0 t do_env_delete
4a00bd08 t do_env_import
4a00bf64 t do_env_default
4a00bfac t env_print
4a00c044 T do_env_print
4a00c0c8 T get_env_id
4a00c0d8 T _do_env_set
4a00c494 T do_env_set
4a00c4b0 T setenv
4a00c500 t do_env_export
4a00c718 T envmatch
4a00c780 T getenv_f
4a00c850 T getenv
4a00c8bc T do_sunxi_flash
4a00c9e4 T do_false
4a00c9ec T do_true
4a00c9f4 T do_test
4a00ce6c T do_version
4a00cea4 T find_cmd_tbl
4a00cf48 T find_cmd
4a00cf70 T cmd_usage
4a00cfcc T _do_help
4a00d150 T var_complete
4a00d1d4 T cmd_auto_complete
4a00d674 T cmd_get_data_size
4a00d6c4 t console_setfile
4a00d764 T serial_printf
4a00d7a4 T fgetc
4a00d7d0 T ftstc
4a00d7fc T fputc
4a00d824 T fputs
4a00d84c T fprintf
4a00d894 T getc
4a00d8c4 T tstc
4a00d8f4 T putc
4a00d924 T puts
4a00d954 T printf
4a00d994 T vprintf
4a00d9c8 T ctrlc
4a00da18 T disable_ctrlc
4a00da30 T had_ctrlc
4a00da40 T clear_ctrlc
4a00da54 T dbg
4a00da60 T search_device
4a00da90 T console_assign
4a00dad8 T console_init_f
4a00dae8 T stdio_print_current_devices
4a00dba0 T console_init_r
4a00dc74 T sbrk
4a00dcd8 T mem_malloc_init
4a00dcfc T malloc_trim
4a00ddc0 T free
4a00dfe4 T cfree
4a00dfe8 T malloc
4a00e5c4 T calloc
4a00e69c T memalign
4a00e7a8 T pvalloc
4a00e7c0 T valloc
4a00e7cc T realloc
4a00ebd8 T malloc_usable_size
4a00ec14 T mallopt
4a00ec80 T env_get_addr
4a00eca0 T env_get_char_memory
4a00ecb0 T env_get_char
4a00ece0 T set_default_env
4a00ed80 T env_import
4a00ee50 T env_relocate
4a00ee64 T env_complete
4a00ef38 T env_relocate_spec
4a00ef3c T env_get_char_spec
4a00ef48 T env_init
4a00ef60 t dummy
4a00ef64 T get_version
4a00ef6c T jumptable_init
4a00f0fc t b_reset
4a00f118 t static_get
4a00f134 t static_peek
4a00f140 t file_peek
4a00f14c t syntax_err
4a00f158 T do_showvar
4a00f24c t xmalloc
4a00f26c t free_pipe_list
4a00f360 t xrealloc
4a00f380 t done_command
4a00f408 t is_assignment
4a00f45c t file_get
4a00f620 t b_addchr
4a00f69c t b_addqchr
4a00f6ec T simple_itoa
4a00f744 T get_local_var
4a00f7d0 t insert_var_value
4a00f904 T set_local_var
4a00fac0 T unset_local_var
4a00fb64 T new_pipe
4a00fb8c t done_pipe
4a00fbd4 T reserved_word
4a00fd2c t done_word
4a00fea8 T mapset
4a00fed0 T update_ifs_map
4a00ff40 T parse_string_outer
4a010030 t run_list_real
4a0107f4 t parse_stream_outer
4a010df4 T parse_file_outer
4a010e38 T u_boot_hush_start
4a010e8c t __fswab32
4a010ea8 t image_get_magic
4a010eb0 t image_get_size
4a010eb8 T image_check_hcrc
4a010f08 T image_check_dcrc
4a010f44 T image_multi_count
4a010f64 T image_multi_getimg
4a010fec T getenv_yesno
4a011014 T getenv_bootm_low
4a011044 T getenv_bootm_size
4a0110a4 T getenv_bootm_mapsize
4a0110d4 T memmove_wd
4a0110e0 T genimg_print_size
4a011110 T get_table_entry_name
4a01113c T genimg_get_os_name
4a011154 T genimg_get_arch_name
4a01116c T genimg_get_type_name
4a011184 T genimg_get_comp_name
4a01119c T image_print_contents
4a011314 T get_table_entry_id
4a011364 T genimg_get_os_id
4a01137c T genimg_get_arch_id
4a011394 T genimg_get_type_id
4a0113ac T genimg_get_comp_id
4a0113c4 T genimg_get_format
4a0113e4 T genimg_get_image
4a0113e8 T genimg_has_config
4a0113f0 T boot_get_ramdisk
4a011620 T boot_ramdisk_high
4a011760 T boot_get_cmdline
4a0117e0 t delete_char.part.0
4a0118b4 t cread_add_char
4a0119a0 T __show_boot_progress
4a0119a0 W show_boot_progress
4a0119a4 T main_loop
4a011aa8 T readline_into_buffer
4a0123c0 T readline
4a0123dc T parse_line
4a01245c T run_command
4a01280c T do_run
4a012880 T get_ram_size
4a012980 t hex1_bin
4a0129c0 t hex2_bin
4a0129f8 T srec_decode
4a012c58 T stdio_get_list
4a012c64 T stdio_get_by_name
4a012cb4 T stdio_clone
4a012d00 T stdio_register
4a012d44 T stdio_init
4a012dcc T CYGACC_COMM_IF_GETC_TIMEOUT
4a012e18 t xyzModem_flush
4a012e40 t xyzModem_get_hdr
4a0130bc T CYGACC_COMM_IF_PUTC
4a0130c4 T parse_num
4a0131e4 T xyzModem_stream_open
4a013330 T xyzModem_stream_read
4a013584 T xyzModem_stream_close
4a0135d4 T xyzModem_stream_terminate
4a013668 T xyzModem_error
4a013688 T get_dev
4a0136ec T dev_print
4a013910 T init_part
4a013930 T print_part
4a013a18 T get_partition_info
4a013a44 T get_device
4a013ac4 T get_device_and_partition
4a013dbc t le32_to_int
4a013de0 t is_extended
4a013e04 t get_partition_info_extended
4a014058 t print_partition_extended
4a014270 T test_part_dos
4a0142d4 T print_part_dos
4a014300 T get_partition_info_dos
4a01431c T DMA_Request
4a0143a0 T DMA_Release
4a0143c4 T DMA_Setting
4a0144d8 T DMA_Start
4a0144fc T DMA_Stop
4a014514 T DMA_Restart
4a01452c T DMA_QueryStatus
4a01453c T DMA_QueryChannalNo
4a014544 t __fswab32
4a014560 T __board_mmc_getcd
4a014560 W board_mmc_getcd
4a014568 T mmc_send_cmd
4a014578 T mmc_send_status
4a01463c T mmc_set_blocklen
4a014670 T find_mmc_device
4a0146bc t mmc_berase
4a01483c t mmc_bwrite
4a0149a0 T mmc_read_blocks
4a014a78 t mmc_bread
4a014b14 T mmc_go_idle
4a014b64 T sd_send_op_cond
4a014cb4 T mmc_send_op_cond
4a014e08 T mmc_send_ext_csd
4a014e58 T mmc_switch
4a014eb0 T mmc_change_freq
4a014f60 T mmc_switch_part
4a014f9c T sd_switch
4a015008 T sd_change_freq
4a0151e8 T mmc_set_ios
4a0151f8 T mmc_set_clock
4a015218 T mmc_set_bus_width
4a015220 T mmc_startup
4a015844 T mmc_send_if_cond
4a0158c0 T mmc_register
4a015948 T mmc_get_dev
4a01595c T mmc_init
4a015a10 W cpu_mmc_init
4a015a10 t __def_mmc_init
4a015a18 T print_mmc_devices
4a015a7c T get_mmc_num
4a015a8c T mmc_initialize
4a015ae0 t mmc_update_clk
4a015b40 t mmc_core_init
4a015b58 t mmc_send_cmd
4a0160b4 T ccm_get_pll5_dev_clk
4a016100 T ccm_get_pll6_dev_clk
4a016138 T smc_set_card_clk
4a016244 t mmc_set_ios
4a0162ec T sunxi_mmc_init
4a0164f4 T nand_init
4a01659c t nand_release_device
4a0165b4 t nand_read_byte
4a0165c8 t nand_read_byte16
4a0165dc t nand_read_word
4a0165ec t nand_write_buf
4a016618 t nand_read_buf
4a016640 t nand_verify_buf
4a016684 t nand_write_buf16
4a0166b8 t nand_read_buf16
4a0166ec t nand_verify_buf16
4a016734 t nand_block_bad
4a016820 t nand_check_wp
4a01685c t nand_read_page_raw
4a016894 t nand_read_page_raw_syndrome
4a016968 t nand_read_page_swecc
4a016a78 t nand_read_subpage
4a016d00 t nand_read_page_hwecc
4a016e40 t nand_read_page_hwecc_oob_first
4a016f7c t nand_read_page_syndrome
4a0170a4 t nand_read_oob_std
4a0170ec t nand_read_oob_syndrome
4a0171f4 t nand_write_oob_std
4a017264 t nand_write_oob_syndrome
4a017414 t nand_write_page_raw
4a017448 t nand_write_page_raw_syndrome
4a017518 t nand_write_page_swecc
4a0175c8 t nand_write_page_hwecc
4a017690 t nand_write_page_syndrome
4a017784 t single_erase_cmd
4a0177c0 t multi_erase_cmd
4a017848 t nand_sync
4a017858 t nand_block_checkbad
4a0178dc t nand_block_isbad
4a017910 t nand_block_markbad
4a017950 t nand_write_page
4a0179f8 t nand_fill_oob
4a017b08 t nand_do_write_oob
4a017cb8 t nand_do_write_ops
4a017f90 t nand_write_oob
4a01802c t nand_write
4a0180b8 t nand_default_block_markbad
4a0181b0 t nand_wait
4a01828c t generic_ffs.part.0
4a0182d0 t nand_select_chip
4a018328 t nand_transfer_oob
4a018438 T nand_wait_ready
4a018484 t nand_do_read_ops
4a01885c t nand_read_oob
4a018afc t nand_read
4a018b88 t nand_command
4a018d60 t nand_command_lp
4a018fc4 T nand_erase_nand
4a019394 t nand_erase
4a01939c T nand_scan_ident
4a0199d4 T nand_scan_tail
4a019f50 T nand_scan
4a019f74 T nand_release
4a019f9c t check_pattern
4a01a040 t scan_read_raw
4a01a088 t create_bbt
4a01a364 t search_bbt
4a01a560 t read_bbt
4a01a798 t read_abs_bbt
4a01a88c t write_bbt
4a01aecc T nand_update_bbt
4a01b01c t mark_bbt_region
4a01b1ac T nand_scan_bbt
4a01b660 T nand_default_bbt
4a01b714 T nand_isbad_bbt
4a01b774 T nand_calculate_ecc
4a01b864 T nand_correct_data
4a01b98c t nand_block_bad_scrub
4a01b994 t check_skip_len
4a01ba24 T nand_erase_opts
4a01bda0 T nand_write_skip_bad
4a01bf9c T nand_read_skip_bad
4a01c188 T board_nand_init
4a01c198 T sunxi_nand_read_opts
4a01c1e0 T sunxi_nand_write_opts
4a01c228 T sunxi_nand_erase_opts
4a01c230 T sunxi_nand_flush_opts
4a01c240 T NS16550_init
4a01c284 T NS16550_reinit
4a01c2cc T NS16550_putc
4a01c2e0 T NS16550_getc
4a01c2f8 T NS16550_tstc
4a01c304 t calc_divisor.isra.0
4a01c328 T serial_init
4a01c398 T _serial_putc
4a01c3d0 T _serial_putc_raw
4a01c3ec T _serial_puts
4a01c414 T _serial_getc
4a01c430 T _serial_tstc
4a01c444 T _serial_setbrg
4a01c46c T serial_putc
4a01c480 T serial_putc_raw
4a01c494 T serial_puts
4a01c4a8 T serial_getc
4a01c4bc T serial_tstc
4a01c4d0 T serial_setbrg
4a01c4e4 t sunxi_flash_null_read
4a01c4ec t sunxi_flash_null_write
4a01c4f4 t sunxi_flash_null_get_size
4a01c500 t sunxi_flash_null_exit
4a01c508 t sunxi_flash_mmc_read
4a01c54c t sunxi_flash_mmc_write
4a01c590 t sunxi_flash_mmc_get_size
4a01c5a8 t sunxi_flash_mmc_exit
4a01c5b0 t sunxi_flash_nand_exit
4a01c5b4 t sunxi_flash_nand_get_size
4a01c5c4 t sunxi_flash_nand_write
4a01c5fc t sunxi_flash_nand_read
4a01c634 T sunxi_flash_handle_init
4a01c748 t ext2fs_read_inode
4a01c848 T ext2fs_free_node
4a01c86c T ext2fs_read_file
4a01ccf4 t ext2fs_iterate_dir
4a01cf68 T ext2fs_find_file1
4a01d1dc T ext2fs_find_file
4a01d250 T ext2fs_ls
4a01d2c8 T ext2fs_open
4a01d35c T ext2fs_close
4a01d410 T ext2fs_read
4a01d448 T ext2fs_mount
4a01d510 T ext2fs_set_blk_dev
4a01d564 T ext2fs_devread
4a01d6fc T get_fs
4a01d708 T ext4fs_free_node
4a01d72c T ext4fs_read_file
4a01d97c T ext4fs_ls
4a01d9f4 T ext4fs_read
4a01da34 t zalloc
4a01da60 T ext4fs_read_inode
4a01db64 T read_allocated_block
4a01e338 T ext4fs_close
4a01e414 T ext4fs_iterate_dir
4a01e688 t ext4fs_find_file1
4a01e8fc T ext4fs_find_file
4a01e970 T ext4fs_open
4a01ea04 T ext4fs_mount
4a01ead0 T ext4fs_set_blk_dev
4a01eb20 T ext4fs_devread
4a01ed10 t dirdelim
4a01ed44 T downcase
4a01ed68 T disk_read
4a01edb4 T fat_register_device
4a01eec4 T get_name
4a01ef70 T get_fatent
4a01f0c8 T get_cluster
4a01f168 T get_contents
4a01f2f0 T slot2str
4a01f3b8 T get_vfatname
4a01f584 T mkcksum
4a01f5b4 T read_bootsectandvi
4a01f6a8 T do_fat_read
4a01feec T file_fat_detectfs
4a020044 T file_fat_ls
4a020054 T file_fat_read
4a02008c t check_overflow
4a0200e4 t disk_write
4a020164 t flush_fat_buffer
4a0201ac t get_fatent_value
4a020330 t set_fatent_value
4a020430 t set_cluster
4a0204cc t set_contents
4a02069c t set_name
4a0207cc t flush_dir_table.constprop.4
4a0208b4 t do_fat_write
4a0211d8 T file_fat_write
4a02120c T file_getfsname
4a021224 T file_cd
4a021414 T file_detectfs
4a021450 T file_ls
4a0214d8 T file_read
4a021570 t fs_probe_fat
4a021578 t fs_close
4a0215a4 t fs_probe_ext
4a0215e0 T fs_set_blk_dev
4a021684 T fs_ls
4a0216cc T fs_read
4a021780 T do_load
4a021960 T do_ls
4a0219cc T crc7
4a0219f4 T cyg_crc16
4a021a3c T crc32_no_comp
4a021b14 T crc32
4a021b28 T crc32_wd
4a021b2c T display_options
4a021b4c T print_size
4a021c84 T print_buffer
4a021dfc T zfree
4a021e04 T zalloc
4a021e14 T zunzip
4a021f20 T gunzip
4a021fcc t cmpkey
4a021fe0 T hcreate_r
4a022094 T hdestroy_r
4a02210c T hstrstr_r
4a0221b8 T hmatch_r
4a022258 T hsearch_r
4a022534 T hdelete_r
4a0225bc T hexport_r
4a0227dc T himport_r
4a022a28 t lmb_add_region
4a022bf8 T lmb_dump_all
4a022bfc T lmb_init
4a022c24 T lmb_add
4a022c28 T lmb_free
4a022d34 T lmb_reserve
4a022d3c T lmb_overlaps_region
4a022d9c T __lmb_alloc_base
4a022eac T lmb_alloc_base
4a022ee0 T lmb_alloc
4a022ee8 T lmb_is_reserved
4a022f38 T __board_lmb_reserve
4a022f38 W board_lmb_reserve
4a022f3c T __arch_lmb_reserve
4a022f40 T ldiv
4a022f90 T string_to_ip
4a023004 T qsort
4a0230e4 T strcmp_compar
4a0230f0 T strmhz
4a02315c T __div64_32
4a023238 T strcpy
4a023254 T strncpy
4a023278 T strcat
4a0232a8 T strncat
4a0232fc T strcmp
4a02332c T strncmp
4a023370 T strchr
4a0233a4 T strlen
4a0233c4 T strrchr
4a023400 T strnlen
4a023430 T strdup
4a023468 T strspn
4a0234b0 T strpbrk
4a0234ec T strtok
4a023568 T strsep
4a02359c T strswab
4a0235e8 T memset
4a023654 T bcopy
4a023678 T memcpy
4a0236e0 T memmove
4a023740 T memcmp
4a023774 T memscan
4a0237a0 T strstr
4a023804 T memchr
4a023834 T udelay
4a023864 t string
4a023904 t put_dec
4a023b24 t number
4a023d88 T simple_strtoul
4a023e48 T strict_strtoul
4a023ec0 T simple_strtol
4a023ee8 T ustrtoul
4a023f58 T simple_strtoull
4a024044 T vsprintf
4a0244a4 T sprintf
4a0244c8 T panic
4a02450c T __assert_fail
4a024520 T zcfree
4a024528 T zcalloc
4a024530 T inflate_fast
4a024ac0 T inflate_table
4a025078 T inflateReset
4a0250f4 T inflateInit2_
4a0251fc T inflateInit_
4a025210 T inflateEnd
4a025274 T adler32
4a0255c0 T inflate
4a026c08 T nand_write_uboot
4a026c3c T nand_read_uboot
4a026c70 T nand_get_dev
4a026c90 T nand_init_uboot
4a026cf0 T NAND_PhyRead
4a026cf4 T NAND_PhyRead_Seq
4a026cf8 T NAND_PhyRead_1K
4a026cfc T NAND_PhyWrite
4a026d00 T NAND_PhyWrite_1K
4a026d04 T NAND_PhyWrite_Seq
4a026d08 T NAND_PhyErase
4a026d0c T NAND_PhyInit
4a026dbc T NAND_PhyExit
4a026dcc T NAND_LogicWrite
4a026dd0 T nand_erase_uboot
4a026f58 T NAND_LogicRead
4a026f5c T NAND_Init
4a027010 T NAND_Exit
4a027034 T NAND_HWScanStart
4a0270a8 T NAND_HWScanStop
4a0270c4 T NAND_VersionGet
4a0270ec T NAND_VersionCheck
4a02725c T NAND_EraseBootBlocks
4a0272c0 T NAND_EraseChip
4a0276b4 T NAND_BadBlockScan
4a027a68 T NAND_RequestDMA
4a027a84 T NAND_ReleaseDMA
4a027aa4 T NAND_DMAConfigStart
4a027b8c T NAND_QueryDmaStat
4a027b9c T NAND_WaitDmaFinish
4a027ba4 T NAND_ClkRequest
4a027bac T NAND_ClkRelease
4a027bb0 T NAND_AHBEnable
4a027bcc T NAND_AHBDisable
4a027be4 T NAND_ClkEnable
4a027c00 T NAND_ClkDisable
4a027c18 T _GetCmuClk
4a027c4c T NAND_SetClk
4a027cbc T NAND_GetClk
4a027ce4 T NAND_PIORequest
4a027d10 T NAND_PIORelease
4a027d14 T NAND_Malloc
4a027d18 T NAND_Free
4a027d1c T OSAL_IrqUnLock
4a027d20 T OSAL_IrqLock
4a027d24 T NAND_WaitRbReady
4a027d2c T NAND_IORemap
4a027d30 T NAND_Print
4a027d50 t _calc_crc32.constprop.0
4a027df0 T sunxi_nand_getpart_num
4a027e18 T sunxi_nand_getpart_name
4a027e40 T sunxi_nand_getpart_offset
4a027e9c T sunxi_nand_getpart_size
4a027ef8 T sunxi_nand_getpart_offset_byname
4a027f88 T sunxi_nand_getpart_size_byname
4a028018 T sunxi_nand_getpart_info_byname
4a0280d0 T sunxi_nand_scan_partition
4a02828c t _GetFreeBlkFromDieInfo
4a028300 T _CalculatePhyOpPar
4a028438 t _VirtualBlockErase
4a0284ec t _VirtualPageWrite
4a0286e4 t _WriteBadBlkFlag
4a02886c t _VirtualPageRead
4a028a24 t _GetLastUsedPage
4a028bb0 t _MergeDataBlkToFreeBlk
4a028cc8 T FMT_Init
4a028e5c T FMT_Exit
4a028e64 T FMT_FormatNand
4a02a79c T ClearNandStruct
4a02a7b0 t _CalculateSectPar
4a02a950 t _MergeCachePageData
4a02aa2c T LML_CalculatePhyOpPar
4a02ab64 t _CloseWritePage
4a02ac20 T LML_VirtualPageRead
4a02adc8 T LML_VirtualPageWrite
4a02afbc T LML_VirtualBlkErase
4a02b084 T LML_PageRead
4a02b27c T LML_PageWrite
4a02b618 t _WritePageCacheToNand
4a02b72c T LML_FlushPageCache
4a02b76c T LML_Read
4a02ba28 T LML_Write
4a02bc98 T LML_Init
4a02be2c T LML_Exit
4a02be90 T NAND_GetDiskSize
4a02bed8 T NAND_SetPartInfo
4a02c020 t _GetTblCheckSum
4a02c044 t _write_back_page_map_tbl
4a02c2e4 t _write_back_block_map_tbl
4a02c6d4 T dump
4a02c778 T PMM_InitMapTblCache
4a02c800 T PMM_ExitMapTblCache
4a02c844 T BMM_InitMapTblCache
4a02c94c T BMM_ExitMapTblCache
4a02c9a0 T BMM_SwitchMapTbl
4a02ccc4 T BMM_WriteBackAllMapTbl
4a02cd54 T BMM_SetDirtyFlag
4a02ce10 T PMM_SwitchMapTbl
4a02d268 t _CalLogAccessCnt
4a02d2d0 t _GetLogBlkPst
4a02d314 T BMM_GetDataBlk
4a02d384 T BMM_SetDataBlk
4a02d404 T BMM_GetFreeBlk
4a02d518 t _GetLogPageForWrite
4a02dae4 T BMM_SetFreeBlk
4a02db5c T BMM_GetLogBlk
4a02dbe8 T BMM_SetLogBlk
4a02dc50 T PMM_GetLogPage
4a02dd90 T PMM_ClearCurMapTbl
4a02ddc0 T PMM_GetCurMapPage
4a02dde0 T PMM_SetCurMapPage
4a02de00 T _copy_page0
4a02df88 T _log2data_swap_merge
4a02e140 T _free2log_move_merge
4a02e654 T _free2data_simple_merge
4a02e8f4 T _get_page_map_tbl_info
4a02e990 T LML_MergeLogBlk
4a02ea1c T LML_ReadReclaim
4a02eb14 T _cal_block_in_chip
4a02ebc4 T _read_single_page_seq
4a02edc4 T _read_single_page_1K
4a02efa8 T _read_single_page_spare
4a02f5b0 T PHY_SimpleRead_Seq
4a02f5b8 T PHY_SimpleRead_1K
4a02f5c0 T PHY_BlockErase
4a02f758 T _read_sectors
4a02fcb0 T _two_plane_read
4a02ff18 T PHY_PageRead
4a030164 T _cal_addr_in_chip_for_spare
4a030228 T _read_sectors_for_spare
4a030a04 T PHY_PageReadSpare
4a030c2c T PHY_FreePageCheck
4a030cfc T PHY_PageWrite
4a030f18 T _single_copy_back
4a0310e4 T _multi_copy_back
4a031454 T PHY_PageCopyback
4a031584 T PHY_ScanDDRParam
4a0316b4 T PHY_ReadNandUniqueId
4a031790 T _add_cmd_list
4a0317c8 T _cal_addr_in_chip
4a031888 T _cal_real_chip
4a03198c T _cal_real_rb
4a031a10 T _read_status
4a031a9c T _wait_rb_ready
4a031ad4 T _wait_rb_ready_int
4a031b0c T _pending_dma_irq_sem
4a031b10 T _random_seed_init
4a031b14 T _cal_random_seed
4a031b2c T PHY_Init
4a031b9c T PHY_GetDefaultParam
4a031e24 T PHY_SetDefaultParam
4a031e68 T PHY_ChangeMode
4a031f68 T PHY_Exit
4a032048 T PHY_ResetChip
4a03211c T _read_single_page
4a032620 T PHY_ReadNandId
4a032690 T PHY_CheckWp
4a0326e4 T _pending_rb_irq_sem
4a0326e8 T _do_irq
4a0326ec T PHY_SimpleRead
4a0326f4 T PHY_SynchBank
4a032874 T _write_signle_page
4a032a2c T _write_signle_page_seq
4a032be4 T _write_signle_page_1K
4a032d54 T _erase_single_block
4a032e18 T PHY_SimpleWrite
4a032e9c T PHY_SimpleWrite_Seq
4a032f20 T PHY_SimpleWrite_1K
4a032fa4 T PHY_SimpleErase
4a033010 T nand_calc_crc32
4a0330b0 T _get_mbr
4a033140 T _free_mbr
4a033170 T mbr2disks
4a0331cc T NAND_PartInit
4a0333a8 T NAND_GetPageSize
4a0333bc T NAND_GetLogicPageSize
4a0333d8 T NAND_GetPageCntPerBlk
4a0333e8 T NAND_GetBlkCntPerChip
4a033400 T NAND_GetChipCnt
4a033410 T NAND_GetChipConnect
4a033420 T NAND_GetBadBlockFlagPos
4a033428 T NAND_GetReadRetryType
4a033438 T NAND_GetValidBlkRatio
4a033448 T NAND_SetValidBlkRatio
4a033464 T NAND_GetFrequencePar
4a033474 T NAND_SetFrequencePar
4a03348c T NAND_GetNandVersion
4a033498 T NAND_GetParam
4a033550 T NAND_GetFlashInfo
4a033594 T _SearchNandArchi
4a033750 T SCN_AnalyzeNandSystem
4a033ba4 t _MarkBadBlk
4a033cd4 T LML_BadBlkManage
4a033e48 T NFC_InitDDRParam
4a033e5c T nfc_repeat_mode_enable
4a033e84 T nfc_repeat_mode_disable
4a033eac T _wait_cmdfifo_free
4a033f08 T _wait_cmd_finish
4a033f78 T _dma_config_start
4a033f7c T _wait_dma_end
4a033fd4 T _reset
4a03403c T _check_ecc
4a03410c T _disable_ecc
4a034128 T _enable_ecc
4a03415c T _enter_nand_critical
4a034164 T _exit_nand_critical
4a03416c T _set_addr
4a0341c4 T _read_in_page_mode
4a0342f8 T NFC_Read
4a03431c T nfc_set_cmd_register
4a0343c0 T NFC_SetRandomSeed
4a0343e8 T NFC_RandomEnable
4a034408 T NFC_RandomDisable
4a034428 T NFC_GetId
4a03448c T NFC_GetStatus
4a0344d8 T NFC_ResetChip
4a0344fc T NFC_SelectChip
4a034534 T NFC_SelectRb
4a03455c T NFC_DeSelectChip
4a034564 T NFC_DeSelectRb
4a03456c T NFC_CheckRbReady
4a034594 T NFC_ChangMode
4a0346a4 T NFC_SetEccMode
4a0346cc T NFC_Init
4a034784 T NFC_Exit
4a0347b8 T _vender_get_param
4a03485c T _vender_set_param
4a034b08 T _vender_pre_condition
4a034ba4 T _vender_get_param_otp_hynix
4a034e6c T NFC_ReadRetry
4a0351d4 T NFC_ReadRetryInit
4a035584 T NFC_GetOTPValue
4a0355c0 T NFC_GetDefaultParam
4a0356cc T NFC_SetDefaultParam
4a0358c4 T NFC_ReadRetry_off
4a035914 T NFC_ReadRetryExit
4a03591c T NFC_RbIntEnable
4a035938 T NFC_RbIntDisable
4a035954 T NFC_RbIntClearStatus
4a03596c T NFC_RbIntGetStatus
4a035984 T NFC_RbIntOccur
4a0359a4 T NFC_GetRbSelect
4a0359c0 T NFC_GetRbStatus
4a0359fc T NFC_DmaIntEnable
4a035a18 T NFC_DmaIntDisable
4a035a34 T NFC_DmaIntClearStatus
4a035a4c T NFC_DmaIntGetStatus
4a035a64 T NFC_DmaIntOccur
4a035a88 T _wait_twb
4a035a8c T NFC_GetUniqueId
4a035af8 T NFC_Write
4a035c3c T NFC_Write_Seq
4a035dcc T NFC_Write_1K
4a035f50 T NFC_Erase
4a035f88 T NFC_CopyBackRead
4a035fc0 T NFC_CopyBackWrite
4a035ff8 T _read_in_page_mode_seq
4a03618c T _read_in_page_mode_1K
4a036300 T _read_in_page_mode_spare
4a036424 T NFC_Read_Seq
4a036478 T NFC_Read_1K
4a0364cc T NFC_Read_Spare
4a036520 T NFC_LSBInit
4a03663c T LSB_GetDefaultParam
4a036684 T LSB_SetDefaultParam
4a03669c T NFC_LSBEnable
4a0366f8 T NFC_LSBDisable
4a036714 T NFC_LSBExit
4a036798 T fastboot_flash_partition_init
4a0369c8 T fastboot_partition_init
4a0369cc T android_misc_flash_check
4a036b98 T check_android_misc
4a036b9c T set_boot_type_arg
4a036bc8 T board_init
4a036bf8 T board_late_init
4a036c10 T dram_init_banksize
4a036c74 T dram_init
4a036c94 T board_mmc_init
4a036cb0 T mmc_get_env_addr
4a036cd0 T checkboard
4a036ce8 T raise
4a036d04 T __aeabi_unwind_cpp_pr0
4a036d08 T __udivsi3
4a036d08 t .udivsi3_skip_div0_test
4a036d08 t __aeabi_uidiv
4a036dfc t __aeabi_uidivmod
4a036e1c T __divsi3
4a036e1c t __aeabi_idiv
4a036e24 t .divsi3_skip_div0_test
4a036f44 t __aeabi_idivmod
4a036f64 T __lshrdi3
4a036f64 t __aeabi_llsr
4a036f80 T __ashrdi3
4a036f80 t __aeabi_lasr
4a036f9c T __ashldi3
4a036f9c t __aeabi_llsl
4a036fb8 W __aeabi_ldiv0
4a036fb8 t __aeabi_idiv0
4a03704c r boot_os
4a0370d0 r __func__.5874
4a0370e0 r baudrate_table
4a0370f4 r __func__.5840
4a037104 V version_string
4a03715b r CSWTCH.39
4a037171 R default_environment
4a037511 r __func__.5584
4a037521 r __func__.5591
4a03752c r uimage_os
4a037580 r uimage_arch
4a037664 r uimage_type
4a037730 r uimage_comp
4a037778 r erase_seq
4a03777c r tab_seq
4a037788 r CSWTCH.26
4a0377a8 r block_drvr
4a0377c0 r multipliers
4a037800 r fbase
4a037810 r default_nand_name
4a037815 r __FUNCTION__.6789
4a037823 r __FUNCTION__.6211
4a037834 r __FUNCTION__.6552
4a037846 r __func__.6924
4a03785a r __FUNCTION__.6957
4a037869 r nand_ecc_precalc_table
4a03796c R nand_manuf_ids
4a0379bc R nand_flash_ids
4a037e24 r serial_ports
4a037e34 r filesystems
4a037e4c r fstypes
4a037e5c R crc7_syndrome_table
4a037f5c r crc16_tab
4a03815c r crc_table
4a03855c r names.5553
4a038562 R _ctype
4a038662 r digits.5541
4a038672 R hex_asc
4a038684 r lext.5780
4a0386c2 r lbase.5779
4a038700 r dext.5782
4a038740 r dbase.5781
4a038780 r lenfix
4a038f80 r distfix
4a039000 r order.5875
4a039028 R z_errmsg
4a039050 r CSWTCH.5
4a039053 r CSWTCH.7
4a03905a R random_seed
4a039164 R param0x30low
4a0391a4 R param0x30high
4a0391f4 R para0
4a039224 R para1
4a039254 R para0x10
4a03925e R para0x20
4a0392d6 R param0x40
4a0392ea R param0x50
4a0392f8 r __func__.5544
4a03930e r CSWTCH.28
4a039311 r CSWTCH.13
4a039314 r CSWTCH.34
4a039317 r CSWTCH.52
4a03931a r __func__.5501
4a039329 r __func__.5627
4a039338 r __FUNCTION__.6117
4a03934a r __FUNCTION__.6124
4a03935c r __FUNCTION__.6069
4a039365 r __FUNCTION__.5958
4a03937b r __FUNCTION__.5882
4a042460 D mmc_card_no
4a042464 d script_mod_buf
4a042468 d script_main_key_count
4a04246c D init_sequence
4a042494 d cmd_bootm_sub
4a042558 d interface
4a042578 d static_pcount
4a04257c d dp_last_length
4a042580 d curr_device
4a042584 d cmd_env_sub
4a042648 d env_id
4a04264c D load_addr
4a042650 d av_
4a042a58 d sbrk_base
4a042a5c d trim_threshold
4a042a60 d mmap_threshold
4a042a64 d reserved_list
4a042ae8 d hist_cur
4a042aec D stdio_names
4a042af8 D dma_channal
4a042bf8 d cur_dev_num
4a042bfc D nand_curr_device
4a042c00 d nand_oob_8
4a042e48 d nand_oob_16
4a043090 d nand_oob_64
4a0432d8 d nand_oob_128
4a043520 d largepage_flashbased
4a043544 d smallpage_flashbased
4a043568 d largepage_memorybased
4a04358c d smallpage_memorybased
4a0435b0 d bbt_main_descr
4a0435d4 d bbt_mirror_descr
4a0435f8 d agand_flashbased
4a04361c d bbt_pattern
4a043620 d mirror_pattern
4a043624 d scan_agand_pattern
4a04362a d scan_ff_pattern
4a04362c D indir1_blkno
4a043630 D indir2_blkno
4a043634 D ext4fs_indir1_blkno
4a043638 D ext4fs_indir2_blkno
4a04363c D ext4fs_indir3_blkno
4a043640 d cur_part
4a043644 D file_cwd
4a043844 d current_filesystem
4a043848 D blks_array
4a043890 D DefaultNandTbl
4a0438b8 D SandiskNandTbl
4a043958 D PowerNandTbl
4a0439a8 D SpansionNandTbl
4a043a48 D StNandTbl
4a043bd8 D IntelNandTbl
4a043d68 D MicronNandTbl
4a044100 D ToshibaNandTbl
4a044470 D HynixNandTbl
4a044a38 D SamsungNandTbl
4a044fb0 d DefualtPhysicArchiPara
4a044fc0 d PhysicArchiPara0
4a044fd0 d PhysicArchiPara2
4a044fe0 d PhysicArchiPara4
4a044ff0 d PhysicArchiPara5
4a045000 d PhysicArchiPara6
4a045010 d PhysicArchiPara7
4a045020 d PhysicArchiPara8
4a045030 d PhysicArchiPara9
4a045040 d PhysicArchiPara3
4a045050 d PhysicArchiPara1
4a04506c D __u_boot_cmd_key_test
4a04506c D __u_boot_cmd_start
4a045088 D __u_boot_cmd_reset
4a0450a4 D __u_boot_cmd_go
4a0450c0 D __u_boot_cmd_boota
4a0450dc D __u_boot_cmd_bootd
4a0450f8 D __u_boot_cmd_boot
4a045114 D __u_boot_cmd_bootm
4a045130 D __u_boot_cmd_exit
4a04514c D __u_boot_cmd_ext2load
4a045168 D __u_boot_cmd_ext2ls
4a045184 D __u_boot_cmd_ext4load
4a0451a0 D __u_boot_cmd_ext4ls
4a0451bc D __u_boot_cmd_fastboot
4a0451d8 D __u_boot_cmd_fatinfo
4a0451f4 D __u_boot_cmd_fatls
4a045210 D __u_boot_cmd_fatdown
4a04522c D __u_boot_cmd_fatload
4a045248 D __u_boot_cmd_question_mark
4a045264 D __u_boot_cmd_help
4a045280 D __u_boot_cmd_mtest
4a04529c D __u_boot_cmd_loop
4a0452b8 D __u_boot_cmd_base
4a0452d4 D __u_boot_cmd_crc32
4a0452f0 D __u_boot_cmd_cmp
4a04530c D __u_boot_cmd_cp
4a045328 D __u_boot_cmd_mw
4a045344 D __u_boot_cmd_nm
4a045360 D __u_boot_cmd_mm
4a04537c D __u_boot_cmd_md
4a045398 D __u_boot_cmd_mmc
4a0453b4 D __u_boot_cmd_mmcinfo
4a0453d0 D __u_boot_cmd_nboot
4a0453ec D __u_boot_cmd_nand
4a045408 D __u_boot_cmd_run
4a045424 D __u_boot_cmd_setenv
4a045440 D __u_boot_cmd_printenv
4a04545c D __u_boot_cmd_env
4a045478 D __u_boot_cmd_sunxi_flash
4a045494 D __u_boot_cmd_true
4a0454b0 D __u_boot_cmd_false
4a0454cc D __u_boot_cmd_test
4a0454e8 D __u_boot_cmd_version
4a045504 D __u_boot_cmd_showvar
4a045520 B __bss_start
4a045520 B uart_console
4a045520 D __u_boot_cmd_end
4a045520 R __image_copy_end
4a045520 R __rel_dyn_start
4a045524 B storage_type
4a045528 b udc
4a045550 b set_address
4a045554 b fastboot_fifo_ep0
4a045594 b device_strings
4a0455ac b fastboot_interface
4a0455b0 b deferred_rx
4a0455b4 b fastboot_fifo_bulk_ep
4a0457b4 b mbr_buf
4a0497b4 B irq_vector
4a049988 b usbc_info_g
4a0499a0 b usbc_otg_array
4a049a20 b usbc_base_address
4a049a2c B monitor_flash_len
4a049a30 b params
4a049a38 b boot_hdr
4a049c38 b images
4a049d64 b download_size
4a049d68 b download_bytes
4a049d6c b download_bytes_unpadded
4a049d70 b download_error
4a049d74 b continue_booting
4a049d78 b upload_size
4a049d7c b upload_bytes
4a049d80 b upload_error
4a049d84 b pcount
4a049d88 b ptable
4a04a048 b base_address
4a04a04c b dp_last_addr
4a04a050 b dp_last_size
4a04a054 b mm_last_addr
4a04a058 b mm_last_size
4a04a060 b last.6405
4a04a068 b tmp_buf.5493
4a04a268 b tmp_buf
4a04a368 b ctrlc_disabled
4a04a36c b ctrlc_was_pressed
4a04a370 B mem_malloc_brk
4a04a374 B mem_malloc_start
4a04a378 B mem_malloc_end
4a04a37c b current_mallinfo
4a04a3a4 b top_pad
4a04a3a8 b max_sbrked_mem
4a04a3ac b max_total_mem
4a04a3b0 b n_mmaps_max
4a04a3b4 B env_htab
4a04a3c0 B env_ptr
4a04a3c4 b top_vars
4a04a3c8 b flag_repeat
4a04a3cc b do_repeat
4a04a3d0 b the_command.5707
4a04a4d0 b local.5691
4a04a4e6 b buf.5905
4a04a510 B last_return_code
4a04a514 b map
4a04a614 b ifs
4a04a618 B nesting_level
4a04a61c b initted.5705
4a04a620 b hist_max
4a04a624 b hist_add_idx
4a04a628 B hist_num
4a04a62c B hist_lines
4a04b2e0 R __dynsym_start
4a04b2e0 R __rel_dyn_end
4a04b3a0 R _end
4a04ba40 B hist_list
4a04ba90 B console_buffer
4a04bb94 b devs
4a04bbd0 B stdio_devices
4a04bbdc b xyz
4a04c018 b mmc_devices
4a04c020 B mmc_host
4a04c0a0 B mmc_dev
4a04c520 B nand_info
4a04c5c8 b nand_chip
4a04c6e8 b mmc
4a04c6ec B sunxi_flash_read
4a04c6f0 B sunxi_flash_write
4a04c6f4 B sunxi_flash_get_size
4a04c6f8 B sunxi_flash_exit
4a04c6fc b inode_size
4a04c700 B ext2fs_root
4a04c704 B indir1_block
4a04c708 B indir1_size
4a04c70c B indir2_block
4a04c710 B indir2_size
4a04c714 B symlinknest
4a04c718 B ext2fs_file
4a04c71c b ext2fs_block_dev_desc
4a04c720 b part_info
4a04c770 B ext_fs
4a04c7b8 B ext4fs_symlinknest
4a04c7c0 B ext4fs_root
4a04c7c4 B ext4fs_indir1_block
4a04c7c8 B ext4fs_indir1_size
4a04c7cc B ext4fs_indir2_block
4a04c7d0 B ext4fs_indir2_size
4a04c7d4 B ext4fs_indir3_block
4a04c7d8 B ext4fs_indir3_size
4a04c7dc B ext4fs_file
4a04c7e0 b symlinknest
4a04c7e4 B g_parent_inode
4a04c7e8 b ext4fs_block_dev_desc
4a04c7ec b part_info
4a04c7f0 B cur_dev
4a04c7f4 B part_offset
4a04c7f8 B get_vfatname_block
4a05c7f8 B do_fat_read_block
4a06c7f8 B get_dentfromdir_block
4a07c7f8 b total_sector
4a07c7fc b dir_curclust
4a07c800 b empty_dentptr
4a07c804 b fs_type
4a07c808 b fs_dev_desc
4a07c80c b fs_partition
4a07c85c B errno
4a07c860 B ___strtok
4a07c864 b nand_blk_dev
4a07c8d4 B hDMA
4a07c8d8 B BOOTFSMBR_buf
4a0808d8 b SuperBlkCntOfDie
4a0808dc B DIE0_FIRST_BLK_NUM
4a0808e0 B DieCntOfNand
4a0808e8 B NandDriverInfo
4a080900 b CachePage
4a080910 b LogicalCtl
4a080924 B NandPartInfo
4a080a64 B nand_part_cnt
4a080a68 B nand_disk_array
4a080b58 B ZoneTblPstInfo
4a080bd8 B LogicArchiPar
4a080be0 B PageMapTblCachePool
4a080c14 B BlkMapTblCachePool
4a080c8c B NandStorageInfo
4a080ce8 B RetryCount
4a080d08 B PageCachePool
4a080d1c B mbr
4a080d20 B part_secur
4a080d70 B ddr_param
4a080d90 B nand_io_base
4a080d94 B pagesize
4a080d98 B read_retry_mode
4a080d99 B read_retry_cycle
4a080d9a B read_retry_reg_num
4a080d9b B read_retry_default_val
4a080e1c B read_retry_val
4a08109c B read_retry_reg_adr
4a0810ac B hynix_read_retry_otp_value
4a0812ac B irq_value
4a0812b0 B nand_board_version
4a0812b4 B lsb_mode_reg_num
4a0812b5 B lsb_mode_reg_adr
4a0812bd B lsb_mode_val
4a0812c5 B lsb_mode_default_val
4a0812cd b misc_message
4a081710 B __bss_end__
