Archive member included because of file (symbol)

nand_sunxi/libnand(nand_for_uboot.o)
                              disk/libdisk.o (nand_get_dev)
nand_sunxi/libnand(nand_osal_uboot.o)
                              nand_sunxi/libnand(nand_for_uboot.o) (NAND_Print)
nand_sunxi/libnand(nand_fspart.o)
                              nand_sunxi/libnand(nand_for_uboot.o) (sunxi_nand_getpart_name)
nand_sunxi/libnand(nand_format.o)
                              nand_sunxi/libnand(nand_for_uboot.o) (FMT_Init)
nand_sunxi/libnand(logic_ctl.o)
                              drivers/mtd/nand/libnand.o (LML_FlushPageCache)
nand_sunxi/libnand(mapping.o)
                              nand_sunxi/libnand(logic_ctl.o) (PMM_InitMapTblCache)
nand_sunxi/libnand(mapping_base.o)
                              nand_sunxi/libnand(logic_ctl.o) (BMM_GetDataBlk)
nand_sunxi/libnand(merge.o)   nand_sunxi/libnand(mapping.o) (LML_MergeLogBlk)
nand_sunxi/libnand(read_reclaim.o)
                              nand_sunxi/libnand(logic_ctl.o) (LML_ReadReclaim)
nand_sunxi/libnand(nand_phy.o)
                              nand_sunxi/libnand(nand_for_uboot.o) (PHY_SimpleRead_Seq)
nand_sunxi/libnand(nand_simple_r.o)
                              nand_sunxi/libnand(nand_phy.o) (_add_cmd_list)
nand_sunxi/libnand(nand_simple_w.o)
                              nand_sunxi/libnand(nand_phy.o) (_write_signle_page)
nand_sunxi/libnand(mbr.o)     nand_sunxi/libnand(logic_ctl.o) (NAND_PartInit)
nand_sunxi/libnand(nand_scan.o)
                              nand_sunxi/libnand(nand_for_uboot.o) (NAND_SetValidBlkRatio)
nand_sunxi/libnand(bad_manage.o)
                              nand_sunxi/libnand(logic_ctl.o) (LML_BadBlkManage)
nand_sunxi/libnand(nfc_r.o)   nand_sunxi/libnand(nand_phy.o) (NFC_InitDDRParam)
nand_sunxi/libnand(nfc_w.o)   nand_sunxi/libnand(nand_phy.o) (NFC_GetUniqueId)
nand_sunxi/libnand(nand_id.o)
                              nand_sunxi/libnand(nand_scan.o) (DefaultNandTbl)
/opt/arm-2013.05/bin/../lib/gcc/arm-none-linux-gnueabi/4.7.3/armv4t/libgcc.a(_udivsi3.o)
                              arch/arm/cpu/armv7/sunxi/libsunxi.o (__aeabi_uidiv)
/opt/arm-2013.05/bin/../lib/gcc/arm-none-linux-gnueabi/4.7.3/armv4t/libgcc.a(_divsi3.o)
                              common/libcommon.o (__aeabi_idiv)
/opt/arm-2013.05/bin/../lib/gcc/arm-none-linux-gnueabi/4.7.3/armv4t/libgcc.a(_lshrdi3.o)
                              drivers/mtd/nand/libnand.o (__aeabi_llsr)
/opt/arm-2013.05/bin/../lib/gcc/arm-none-linux-gnueabi/4.7.3/armv4t/libgcc.a(_ashrdi3.o)
                              drivers/mtd/nand/libnand.o (__aeabi_lasr)
/opt/arm-2013.05/bin/../lib/gcc/arm-none-linux-gnueabi/4.7.3/armv4t/libgcc.a(_ashldi3.o)
                              drivers/mmc/libmmc.o (__aeabi_llsl)
/opt/arm-2013.05/bin/../lib/gcc/arm-none-linux-gnueabi/4.7.3/armv4t/libgcc.a(_dvmd_lnx.o)
                              /opt/arm-2013.05/bin/../lib/gcc/arm-none-linux-gnueabi/4.7.3/armv4t/libgcc.a(_udivsi3.o) (__aeabi_idiv0)

Memory Configuration

Name             Origin             Length             Attributes
*default*        0x00000000         0xffffffff

Linker script and memory map

                0x00000000                . = 0x0
                0x00000000                . = ALIGN (0x4)

.text           0x4a000000    0x36fcc
 arch/arm/cpu/armv7/start.o(.text)
 .text          0x4a000000      0x480 arch/arm/cpu/armv7/start.o
                0x4a000000                _start
                0x4a000040                _end_vect
                0x4a000040                _TEXT_BASE
                0x4a000044                _bss_start_ofs
                0x4a000048                _image_copy_end_ofs
                0x4a00004c                _bss_end_ofs
                0x4a000050                _end_ofs
                0x4a000054                IRQ_STACK_START_IN
                0x4a000080                relocate_code
 *(.text)
 .text          0x4a000480      0x2f0 arch/arm/cpu/armv7/libarmv7.o
                0x4a0005e8                invalidate_icache_all
                0x4a000600                __v7_outer_cache_enable
                0x4a000600                v7_outer_cache_enable
                0x4a000604                v7_outer_cache_disable
                0x4a000604                __v7_outer_cache_disable
                0x4a000608                __v7_outer_cache_flush_all
                0x4a000608                v7_outer_cache_flush_all
                0x4a00060c                flush_dcache_all
                0x4a000620                v7_outer_cache_inval_all
                0x4a000620                __v7_outer_cache_inval_all
                0x4a000624                invalidate_dcache_all
                0x4a000638                arm_init_before_mmu
                0x4a000660                v7_outer_cache_flush_range
                0x4a000660                __v7_outer_cache_flush_range
                0x4a000664                flush_dcache_range
                0x4a0006a0                flush_cache
                0x4a0006a8                __v7_outer_cache_inval_range
                0x4a0006a8                v7_outer_cache_inval_range
                0x4a0006ac                invalidate_dcache_range
                0x4a0006e8                save_boot_params_default
                0x4a0006e8                save_boot_params
                0x4a0006ec                cleanup_before_linux
                0x4a00070c                sdelay
                0x4a000718                sr32
                0x4a00073c                wait_on_value
 .text          0x4a000770     0x5d28 arch/arm/cpu/armv7/sunxi/libsunxi.o
                0x4a000770                timer_init
                0x4a000790                get_timer_masked
                0x4a0007ec                get_timer
                0x4a000800                __udelay
                0x4a00085c                get_ticks
                0x4a00086c                get_tbclk
                0x4a000874                tick_printf
                0x4a000878                stick_printf
                0x4a0008bc                print_boot_type
                0x4a000938                print_cpuinfo
                0x4a000950                watchdog_init
                0x4a000964                clock_init
                0x4a00096c                gpio_init
                0x4a000970                sdram_init
                0x4a000978                get_base
                0x4a000984                is_running_in_sdram
                0x4a00099c                s_init
                0x4a0009b0                reset_cpu
                0x4a0009cc                enable_caches
                0x4a0009d0                sunxi_key_init
                0x4a000a5c                sunxi_read_key
                0x4a000a7c                sunxi_check_recovery
                0x4a000af4                sunxi_check_fastboot
                0x4a000b6c                sunxi_key_hexdump
                0x4a000be8                do_key_test
                0x4a00169c                fastboot_shutdown
                0x4a0016f0                fastboot_is_highspeed
                0x4a00170c                fastboot_fifo_size
                0x4a001728                fastboot_poll
                0x4a001aa0                fastboot_tx_status
                0x4a001bb4                fastboot_tx
                0x4a001bb8                fastboot_getvar
                0x4a001bc0                fastboot_preboot
                0x4a001bc8                close_usb_clock
                0x4a001bec                fastboot_init
                0x4a001df8                _unsparse
                0x4a001fcc                do_unsparse
                0x4a0020c4                sunxi_partition_get_total_num
                0x4a0020ec                sunxi_partition_get_name
                0x4a002114                sunxi_partition_get_offset
                0x4a002184                sunxi_partition_get_size
                0x4a0021f4                sunxi_partition_get_offset_byname
                0x4a002298                sunxi_partition_get_size_byname
                0x4a00233c                sunxi_partition_get_info_byname
                0x4a002400                sunxi_partition_init
                0x4a0025d0                irq_request
                0x4a0025e8                irq_free
                0x4a002608                irq_enable
                0x4a00264c                irq_disable
                0x4a002690                gic_sgi_handler
                0x4a002694                gic_ppi_handler
                0x4a002698                gic_spi_handler
                0x4a0026c0                gic_clear_pending
                0x4a0026e4                gic_irq_handler
                0x4a00272c                init_gic
                0x4a002db0                sw_cfg_get_int
                0x4a002de4                sw_cfg_get_str
                0x4a002e3c                script_parser_init_early
                0x4a002e5c                script_parser_init
                0x4a002e80                script_parser_exit
                0x4a002e98                script_parser_fetch
                0x4a0030d4                script_parser_patch
                0x4a003308                script_parser_fetch_ex
                0x4a003558                script_parser_subkey_count
                0x4a00360c                script_parser_mainkey_count
                0x4a003628                script_parser_mainkey_get_gpio_count
                0x4a003724                script_parser_mainkey_get_gpio_cfg
                0x4a003890                sw_gpio_init
                0x4a003898                gpio_exit
                0x4a0038a0                gpio_request
                0x4a0038b8                gpio_request_ex
                0x4a003958                gpio_release
                0x4a003b58                gpio_get_all_pin_status
                0x4a003df4                gpio_get_one_pin_status
                0x4a003f5c                gpio_set_one_pin_status
                0x4a0040f4                gpio_set_one_pin_io_status
                0x4a0041b4                gpio_set_one_pin_pull
                0x4a004274                gpio_set_one_pin_driver_level
                0x4a004334                gpio_read_one_pin_value
                0x4a0043f4                gpio_write_one_pin_value
                0x4a0044cc                USBC_GetVbusStatus
                0x4a004504                USBC_OTG_SelectMode
                0x4a004508                USBC_ReadLenFromFifo
                0x4a004534                USBC_WritePacket
                0x4a004594                USBC_ReadPacket
                0x4a0045f4                USBC_ConfigFIFO_Base
                0x4a00462c                USBC_GetPortFifoStartAddr
                0x4a004660                USBC_GetPortFifoSize
                0x4a004684                USBC_SelectFIFO
                0x4a004694                __USBC_ConfigFifo_TxEp
                0x4a0046e8                __USBC_ConfigFifo_RxEp_Default
                0x4a0046f8                __USBC_ConfigFifo_RxEp
                0x4a00474c                USBC_ConfigFifo_Default
                0x4a004784                USBC_ConfigFifo
                0x4a0047c0                USBC_GetLastFrameNumber
                0x4a0047d0                USBC_GetStatus_Dp
                0x4a0047e8                USBC_GetStatus_Dm
                0x4a004800                USBC_GetStatus_DpDm
                0x4a004824                USBC_GetOtgMode_Form_ID
                0x4a004840                USBC_GetOtgMode_Form_BDevice
                0x4a004858                USBC_SelectBus
                0x4a00489c                USBC_INT_EpPending
                0x4a0048e0                USBC_INT_ClearEpPending
                0x4a004934                USBC_INT_ClearEpPendingAll
                0x4a004978                USBC_INT_MiscPending
                0x4a00498c                USBC_INT_ClearMiscPending
                0x4a00499c                USBC_INT_ClearMiscPendingAll
                0x4a0049b0                USBC_INT_EnableEp
                0x4a004a0c                USBC_INT_EnableUsbMiscUint
                0x4a004a24                USBC_INT_DisableEp
                0x4a004a70                USBC_INT_DisableUsbMiscUint
                0x4a004a88                USBC_INT_DisableEpAll
                0x4a004ac4                USBC_INT_DisableUsbMiscAll
                0x4a004ad8                USBC_GetActiveEp
                0x4a004aec                USBC_SelectActiveEp
                0x4a004afc                USBC_EnhanceSignal
                0x4a004b00                USBC_EnterMode_TestPacket
                0x4a004b18                USBC_EnterMode_Test_K
                0x4a004b30                USBC_EnterMode_Test_J
                0x4a004b48                USBC_EnterMode_Test_SE0_NAK
                0x4a004b60                USBC_EnterMode_Idle
                0x4a004bac                USBC_SetWakeUp_Default
                0x4a004bb0                USBC_EnableIdPullUp
                0x4a004bc8                USBC_DisableIdPullUp
                0x4a004be0                USBC_EnableDpDmPullUp
                0x4a004bf8                USBC_DisableDpDmPullUp
                0x4a004c10                USBC_ForceId
                0x4a004c60                USBC_ForceVbusValid
                0x4a004cb0                USBC_A_valid_InputSelect
                0x4a004cb4                USBC_EnableUsbLineStateBypass
                0x4a004cb8                USBC_DisableUsbLineStateBypass
                0x4a004cbc                USBC_EnableHosc
                0x4a004cd4                USBC_DisableHosc
                0x4a004ce8                USBC_IsVbusChange
                0x4a004d04                USBC_IsIdChange
                0x4a004d20                USBC_IsDpDmChange
                0x4a004d3c                USBC_DisableWakeIrq
                0x4a004d50                USBC_DisableVbusChange
                0x4a004d64                USBC_DisableIdChange
                0x4a004d78                USBC_DisableDpDmChange
                0x4a004d8c                USBC_EnableWakeIrq
                0x4a004da4                USBC_EnableVbusChange
                0x4a004dbc                USBC_EnableIdChange
                0x4a004dd4                USBC_EnableDpDmChange
                0x4a004dec                USBC_TestMode_ReadReg
                0x4a004e34                USBC_PrintAllReg
                0x4a0051a0                USBC_open_otg
                0x4a0051e0                USBC_close_otg
                0x4a005208                USBC_init
                0x4a005244                USBC_exit
                0x4a005288                USBC_Dev_SetAddress_default
                0x4a00529c                USBC_Dev_SetAddress
                0x4a0052ac                USBC_Dev_QueryTransferMode
                0x4a0052cc                USBC_Dev_ConfigTransferMode
                0x4a00533c                USBC_Dev_ConectSwitch
                0x4a005360                USBC_Dev_QueryPowerStatus
                0x4a005374                USBC_Dev_ConfigEp
                0x4a005470                USBC_Dev_ConfigEp_Default
                0x4a0054d4                USBC_Dev_ConfigEpDma
                0x4a005528                USBC_Dev_ClearEpDma
                0x4a005584                USBC_Dev_IsEpStall
                0x4a0055c8                USBC_Dev_EpSendStall
                0x4a00562c                USBC_Dev_EpClearStall
                0x4a0056d0                USBC_Dev_Ctrl_IsSetupEnd
                0x4a0056e4                USBC_Dev_Ctrl_ClearSetupEnd
                0x4a0056fc                USBC_Dev_WriteDataStatus
                0x4a005788                USBC_Dev_ReadDataStatus
                0x4a005814                USBC_Dev_IsReadDataReady
                0x4a005854                USBC_Dev_IsWriteDataReady
                0x4a005898                USBC_Host_SetFunctionAddress_Deafult
                0x4a0058f4                USBC_Host_SetFunctionAddress
                0x4a005968                USBC_Host_SetHubAddress_Deafult
                0x4a0059a4                USBC_Host_SetHubAddress
                0x4a0059e4                USBC_Host_SetHPortAddress_Deafult
                0x4a005a20                USBC_Host_SetHPortAddress
                0x4a005a54                USBC_Host_QueryTransferMode
                0x4a005a74                USBC_Host_ConfigTransferMode
                0x4a005aa8                USBC_Host_ResetPort
                0x4a005ac0                USBC_Host_ClearResetPortFlag
                0x4a005ad8                USBC_Host_RusumePort
                0x4a005af0                USBC_Host_ClearRusumePortFlag
                0x4a005b08                USBC_Host_SuspendPort
                0x4a005b20                USBC_Host_QueryPowerStatus
                0x4a005b34                USBC_Host_StartSession
                0x4a005b4c                USBC_Host_EndSession
                0x4a005b64                USBC_Host_PeripheralType
                0x4a005b84                USBC_Host_FlushFifo
                0x4a005bd0                USBC_Host_ConfigEp_Default
                0x4a005c54                USBC_Host_ConfigEp
                0x4a005d9c                USBC_Host_ConfigEpDma
                0x4a005de0                USBC_Host_ClearEpDma
                0x4a005e30                USBC_Host_IsEpNakTimeOut
                0x4a005e78                USBC_Host_ClearEpNakTimeOut
                0x4a005ed0                USBC_Host_IsEpError
                0x4a005f24                USBC_Host_ClearEpError
                0x4a005f8c                USBC_Host_IsEpStall
                0x4a005fe4                USBC_Host_ClearEpStall
                0x4a006050                USBC_Host_ClearEpCSR
                0x4a006090                USBC_Host_IsReadDataReady
                0x4a0060d0                USBC_Host_IsWriteDataReady
                0x4a006120                USBC_Host_ReadDataStatus
                0x4a0061c0                USBC_Host_WriteDataStatus
                0x4a006240                USBC_Host_IsReqPktSet
                0x4a006280                USBC_Host_StartInToken
                0x4a0062c4                USBC_Host_StopInToken
                0x4a006314                USBC_Host_ConfigRqPktCount
                0x4a00632c                USBC_Host_ClearRqPktCount
                0x4a006340                USBC_Host_EnablePing
                0x4a006360                USBC_Host_DisablePing
                0x4a006378                USBC_Host_SendCtrlStatus
                0x4a00639c                USBC_Host_SendSetupPkt
                0x4a0063b4                USBC_PHY_SetCommonConfig
                0x4a0063b8                USBC_PHY_SetPrivateConfig
                0x4a0063bc                USBC_PHY_GetCommonConfig
                0x4a0063c4                USBC_phy_Standby
                0x4a006458                USBC_Phy_Standby_Recover
                0x4a006460                lowlevel_init
                0x4a006480                sunxi_reset
                0x4a006480                sunxi_pre_clean
 .text          0x4a006498      0xb44 arch/arm/lib/libarm.o
                0x4a00650c                coloured_LED_init
                0x4a00650c                __coloured_LED_init
                0x4a006510                red_LED_on
                0x4a006510                __red_LED_on
                0x4a006514                __red_LED_off
                0x4a006514                red_LED_off
                0x4a006518                green_LED_on
                0x4a006518                __green_LED_on
                0x4a00651c                __green_LED_off
                0x4a00651c                green_LED_off
                0x4a006520                __yellow_LED_on
                0x4a006520                yellow_LED_on
                0x4a006524                __yellow_LED_off
                0x4a006524                yellow_LED_off
                0x4a006528                blue_LED_on
                0x4a006528                __blue_LED_on
                0x4a00652c                blue_LED_off
                0x4a00652c                __blue_LED_off
                0x4a006530                __dram_init_banksize
                0x4a00654c                board_init_r
                0x4a00678c                hang
                0x4a0067a0                board_init_f
                0x4a0069b4                arch_lmb_reserve
                0x4a0069d8                do_bootm_linux
                0x4a006ae0                do_boota_linux
                0x4a006be0                __flush_cache
                0x4a006be4                __flush_dcache_all
                0x4a006bf0                __enable_caches
                0x4a006c2c                __arm_init_before_mmu
                0x4a006cbc                icache_enable
                0x4a006cd4                icache_disable
                0x4a006cec                icache_status
                0x4a006cfc                dcache_enable
                0x4a006d24                dcache_disable
                0x4a006d48                dcache_status
                0x4a006d58                interrupt_init
                0x4a006d74                enable_interrupts
                0x4a006d78                disable_interrupts
                0x4a006d80                bad_mode
                0x4a006d90                show_regs
                0x4a006ecc                do_undefined_instruction
                0x4a006eec                do_software_interrupt
                0x4a006f0c                do_prefetch_abort
                0x4a006f2c                do_data_abort
                0x4a006f4c                do_not_used
                0x4a006f6c                do_fiq
                0x4a006f8c                do_irq
                0x4a006fac                do_reset
 .text          0x4a006fdc     0xc6ac common/libcommon.o
                0x4a006fdc                do_go_exec
                0x4a006ff4                do_go
                0x4a007064                do_boota
                0x4a0071b0                do_bootd
                0x4a00781c                arch_preboot_os
                0x4a00781c                __arch_preboot_os
                0x4a007820                do_bootm_subcommand
                0x4a007a64                do_bootm
                0x4a007cf8                bootm_maybe_autostart
                0x4a007d6c                do_exit
                0x4a007da0                do_ext2load
                0x4a0080a8                do_ext2ls
                0x4a0081d4                do_ext4_ls
                0x4a0081e8                do_ext4_load
                0x4a008644                fastboot_flash_add_ptn
                0x4a008680                fastboot_flash_dump_ptn
                0x4a0086d0                fastboot_flash_find_ptn
                0x4a0092dc                fastboot_flash_get_ptn
                0x4a009300                do_fastboot
                0x4a00993c                fastboot_flash_get_ptn_count
                0x4a00994c                do_fat_fsinfo
                0x4a009a24                do_fat_ls
                0x4a009b2c                do_fat_fsdown
                0x4a009c9c                do_fat_fsload
                0x4a009e20                do_help
                0x4a009e64                do_mem_base
                0x4a009ea4                do_mem_mtest
                0x4a00a044                do_mem_loop
                0x4a00a138                do_mem_md
                0x4a00a214                do_mem_crc
                0x4a00a2bc                do_mem_cp
                0x4a00a390                do_mem_cmp
                0x4a00a530                do_mem_mw
                0x4a00a740                do_mem_nm
                0x4a00a758                do_mem_mm
                0x4a00a770                do_mmcops
                0x4a00abb0                do_mmcinfo
                0x4a00ada4                do_nandboot
                0x4a00b2e4                do_nand
                0x4a00c044                do_env_print
                0x4a00c0c8                get_env_id
                0x4a00c0d8                _do_env_set
                0x4a00c494                do_env_set
                0x4a00c4b0                setenv
                0x4a00c718                envmatch
                0x4a00c780                getenv_f
                0x4a00c850                getenv
                0x4a00c8bc                do_sunxi_flash
                0x4a00c9e4                do_false
                0x4a00c9ec                do_true
                0x4a00c9f4                do_test
                0x4a00ce6c                do_version
                0x4a00cea4                find_cmd_tbl
                0x4a00cf48                find_cmd
                0x4a00cf70                cmd_usage
                0x4a00cfcc                _do_help
                0x4a00d150                var_complete
                0x4a00d1d4                cmd_auto_complete
                0x4a00d674                cmd_get_data_size
                0x4a00d764                serial_printf
                0x4a00d7a4                fgetc
                0x4a00d7d0                ftstc
                0x4a00d7fc                fputc
                0x4a00d824                fputs
                0x4a00d84c                fprintf
                0x4a00d894                getc
                0x4a00d8c4                tstc
                0x4a00d8f4                putc
                0x4a00d924                puts
                0x4a00d954                printf
                0x4a00d994                vprintf
                0x4a00d9c8                ctrlc
                0x4a00da18                disable_ctrlc
                0x4a00da30                had_ctrlc
                0x4a00da40                clear_ctrlc
                0x4a00da54                dbg
                0x4a00da60                search_device
                0x4a00da90                console_assign
                0x4a00dad8                console_init_f
                0x4a00dae8                stdio_print_current_devices
                0x4a00dba0                console_init_r
                0x4a00dc74                sbrk
                0x4a00dcd8                mem_malloc_init
                0x4a00dcfc                malloc_trim
                0x4a00ddc0                free
                0x4a00dfe4                cfree
                0x4a00dfe8                malloc
                0x4a00e5c4                calloc
                0x4a00e69c                memalign
                0x4a00e7a8                pvalloc
                0x4a00e7c0                valloc
                0x4a00e7cc                realloc
                0x4a00ebd8                malloc_usable_size
                0x4a00ec14                mallopt
                0x4a00ec80                env_get_addr
                0x4a00eca0                env_get_char_memory
                0x4a00ecb0                env_get_char
                0x4a00ece0                set_default_env
                0x4a00ed80                env_import
                0x4a00ee50                env_relocate
                0x4a00ee64                env_complete
                0x4a00ef38                env_relocate_spec
                0x4a00ef3c                env_get_char_spec
                0x4a00ef48                env_init
                0x4a00ef64                get_version
                0x4a00ef6c                jumptable_init
                0x4a00f158                do_showvar
                0x4a00f6ec                simple_itoa
                0x4a00f744                get_local_var
                0x4a00f904                set_local_var
                0x4a00fac0                unset_local_var
                0x4a00fb64                new_pipe
                0x4a00fbd4                reserved_word
                0x4a00fea8                mapset
                0x4a00fed0                update_ifs_map
                0x4a00ff40                parse_string_outer
                0x4a010df4                parse_file_outer
                0x4a010e38                u_boot_hush_start
                0x4a010eb8                image_check_hcrc
                0x4a010f08                image_check_dcrc
                0x4a010f44                image_multi_count
                0x4a010f64                image_multi_getimg
                0x4a010fec                getenv_yesno
                0x4a011014                getenv_bootm_low
                0x4a011044                getenv_bootm_size
                0x4a0110a4                getenv_bootm_mapsize
                0x4a0110d4                memmove_wd
                0x4a0110e0                genimg_print_size
                0x4a011110                get_table_entry_name
                0x4a01113c                genimg_get_os_name
                0x4a011154                genimg_get_arch_name
                0x4a01116c                genimg_get_type_name
                0x4a011184                genimg_get_comp_name
                0x4a01119c                image_print_contents
                0x4a011314                get_table_entry_id
                0x4a011364                genimg_get_os_id
                0x4a01137c                genimg_get_arch_id
                0x4a011394                genimg_get_type_id
                0x4a0113ac                genimg_get_comp_id
                0x4a0113c4                genimg_get_format
                0x4a0113e4                genimg_get_image
                0x4a0113e8                genimg_has_config
                0x4a0113f0                boot_get_ramdisk
                0x4a011620                boot_ramdisk_high
                0x4a011760                boot_get_cmdline
                0x4a0119a0                __show_boot_progress
                0x4a0119a0                show_boot_progress
                0x4a0119a4                main_loop
                0x4a011aa8                readline_into_buffer
                0x4a0123c0                readline
                0x4a0123dc                parse_line
                0x4a01245c                run_command
                0x4a01280c                do_run
                0x4a012880                get_ram_size
                0x4a0129f8                srec_decode
                0x4a012c58                stdio_get_list
                0x4a012c64                stdio_get_by_name
                0x4a012cb4                stdio_clone
                0x4a012d00                stdio_register
                0x4a012d44                stdio_init
                0x4a012dcc                CYGACC_COMM_IF_GETC_TIMEOUT
                0x4a0130bc                CYGACC_COMM_IF_PUTC
                0x4a0130c4                parse_num
                0x4a0131e4                xyzModem_stream_open
                0x4a013330                xyzModem_stream_read
                0x4a013584                xyzModem_stream_close
                0x4a0135d4                xyzModem_stream_terminate
                0x4a013668                xyzModem_error
 .text          0x4a013688      0xc94 disk/libdisk.o
                0x4a013688                get_dev
                0x4a0136ec                dev_print
                0x4a013910                init_part
                0x4a013930                print_part
                0x4a013a18                get_partition_info
                0x4a013a44                get_device
                0x4a013ac4                get_device_and_partition
                0x4a014270                test_part_dos
                0x4a0142d4                print_part_dos
                0x4a014300                get_partition_info_dos
 .text          0x4a01431c      0x228 drivers/dma/libdma.o
                0x4a01431c                DMA_Request
                0x4a0143a0                DMA_Release
                0x4a0143c4                DMA_Setting
                0x4a0144d8                DMA_Start
                0x4a0144fc                DMA_Stop
                0x4a014514                DMA_Restart
                0x4a01452c                DMA_QueryStatus
                0x4a01453c                DMA_QueryChannalNo
 .text          0x4a014544     0x1fb0 drivers/mmc/libmmc.o
                0x4a014560                __board_mmc_getcd
                0x4a014560                board_mmc_getcd
                0x4a014568                mmc_send_cmd
                0x4a014578                mmc_send_status
                0x4a01463c                mmc_set_blocklen
                0x4a014670                find_mmc_device
                0x4a0149a0                mmc_read_blocks
                0x4a014b14                mmc_go_idle
                0x4a014b64                sd_send_op_cond
                0x4a014cb4                mmc_send_op_cond
                0x4a014e08                mmc_send_ext_csd
                0x4a014e58                mmc_switch
                0x4a014eb0                mmc_change_freq
                0x4a014f60                mmc_switch_part
                0x4a014f9c                sd_switch
                0x4a015008                sd_change_freq
                0x4a0151e8                mmc_set_ios
                0x4a0151f8                mmc_set_clock
                0x4a015218                mmc_set_bus_width
                0x4a015220                mmc_startup
                0x4a015844                mmc_send_if_cond
                0x4a0158c0                mmc_register
                0x4a015948                mmc_get_dev
                0x4a01595c                mmc_init
                0x4a015a10                cpu_mmc_init
                0x4a015a18                print_mmc_devices
                0x4a015a7c                get_mmc_num
                0x4a015a8c                mmc_initialize
                0x4a0160b4                ccm_get_pll5_dev_clk
                0x4a016100                ccm_get_pll6_dev_clk
                0x4a016138                smc_set_card_clk
                0x4a0162ec                sunxi_mmc_init
 .text          0x4a0164f4     0x5d4c drivers/mtd/nand/libnand.o
                0x4a0164f4                nand_init
                0x4a018438                nand_wait_ready
                0x4a018fc4                nand_erase_nand
                0x4a01939c                nand_scan_ident
                0x4a0199d4                nand_scan_tail
                0x4a019f50                nand_scan
                0x4a019f74                nand_release
                0x4a01aecc                nand_update_bbt
                0x4a01b1ac                nand_scan_bbt
                0x4a01b660                nand_default_bbt
                0x4a01b714                nand_isbad_bbt
                0x4a01b774                nand_calculate_ecc
                0x4a01b864                nand_correct_data
                0x4a01ba24                nand_erase_opts
                0x4a01bda0                nand_write_skip_bad
                0x4a01bf9c                nand_read_skip_bad
                0x4a01c188                board_nand_init
                0x4a01c198                sunxi_nand_read_opts
                0x4a01c1e0                sunxi_nand_write_opts
                0x4a01c228                sunxi_nand_erase_opts
                0x4a01c230                sunxi_nand_flush_opts
 .text          0x4a01c240        0x0 drivers/pcmcia/libpcmcia.o
 .text          0x4a01c240        0x0 drivers/rtc/librtc.o
 .text          0x4a01c240      0x2a4 drivers/serial/libserial.o
                0x4a01c240                NS16550_init
                0x4a01c284                NS16550_reinit
                0x4a01c2cc                NS16550_putc
                0x4a01c2e0                NS16550_getc
                0x4a01c2f8                NS16550_tstc
                0x4a01c328                serial_init
                0x4a01c398                _serial_putc
                0x4a01c3d0                _serial_putc_raw
                0x4a01c3ec                _serial_puts
                0x4a01c414                _serial_getc
                0x4a01c430                _serial_tstc
                0x4a01c444                _serial_setbrg
                0x4a01c46c                serial_putc
                0x4a01c480                serial_putc_raw
                0x4a01c494                serial_puts
                0x4a01c4a8                serial_getc
                0x4a01c4bc                serial_tstc
                0x4a01c4d0                serial_setbrg
 .text          0x4a01c4e4      0x264 drivers/storage_type/libstorage_type.o
                0x4a01c634                sunxi_flash_handle_init
 .text          0x4a01c748      0xfb4 fs/ext2/libext2fs.o
                0x4a01c848                ext2fs_free_node
                0x4a01c86c                ext2fs_read_file
                0x4a01cf68                ext2fs_find_file1
                0x4a01d1dc                ext2fs_find_file
                0x4a01d250                ext2fs_ls
                0x4a01d2c8                ext2fs_open
                0x4a01d35c                ext2fs_close
                0x4a01d410                ext2fs_read
                0x4a01d448                ext2fs_mount
                0x4a01d510                ext2fs_set_blk_dev
                0x4a01d564                ext2fs_devread
 .text          0x4a01d6fc     0x1614 fs/ext4/libext4fs.o
                0x4a01d6fc                get_fs
                0x4a01d708                ext4fs_free_node
                0x4a01d72c                ext4fs_read_file
                0x4a01d97c                ext4fs_ls
                0x4a01d9f4                ext4fs_read
                0x4a01da60                ext4fs_read_inode
                0x4a01db64                read_allocated_block
                0x4a01e338                ext4fs_close
                0x4a01e414                ext4fs_iterate_dir
                0x4a01e8fc                ext4fs_find_file
                0x4a01e970                ext4fs_open
                0x4a01ea04                ext4fs_mount
                0x4a01ead0                ext4fs_set_blk_dev
                0x4a01eb20                ext4fs_devread
 .text          0x4a01ed10     0x2860 fs/fat/libfat.o
                0x4a01ed44                downcase
                0x4a01ed68                disk_read
                0x4a01edb4                fat_register_device
                0x4a01eec4                get_name
                0x4a01ef70                get_fatent
                0x4a01f0c8                get_cluster
                0x4a01f168                get_contents
                0x4a01f2f0                slot2str
                0x4a01f3b8                get_vfatname
                0x4a01f584                mkcksum
                0x4a01f5b4                read_bootsectandvi
                0x4a01f6a8                do_fat_read
                0x4a01feec                file_fat_detectfs
                0x4a020044                file_fat_ls
                0x4a020054                file_fat_read
                0x4a0211d8                file_fat_write
                0x4a02120c                file_getfsname
                0x4a021224                file_cd
                0x4a021414                file_detectfs
                0x4a021450                file_ls
                0x4a0214d8                file_read
 .text          0x4a021570      0x45c fs/libfs.o
                0x4a0215e0                fs_set_blk_dev
                0x4a021684                fs_ls
                0x4a0216cc                fs_read
                0x4a021780                do_load
                0x4a021960                do_ls
 .text          0x4a0219cc     0x2b54 lib/libgeneric.o
                0x4a0219cc                crc7
                0x4a0219f4                cyg_crc16
                0x4a021a3c                crc32_no_comp
                0x4a021b14                crc32
                0x4a021b28                crc32_wd
                0x4a021b2c                display_options
                0x4a021b4c                print_size
                0x4a021c84                print_buffer
                0x4a021dfc                zfree
                0x4a021e04                zalloc
                0x4a021e14                zunzip
                0x4a021f20                gunzip
                0x4a021fe0                hcreate_r
                0x4a022094                hdestroy_r
                0x4a02210c                hstrstr_r
                0x4a0221b8                hmatch_r
                0x4a022258                hsearch_r
                0x4a022534                hdelete_r
                0x4a0225bc                hexport_r
                0x4a0227dc                himport_r
                0x4a022bf8                lmb_dump_all
                0x4a022bfc                lmb_init
                0x4a022c24                lmb_add
                0x4a022c28                lmb_free
                0x4a022d34                lmb_reserve
                0x4a022d3c                lmb_overlaps_region
                0x4a022d9c                __lmb_alloc_base
                0x4a022eac                lmb_alloc_base
                0x4a022ee0                lmb_alloc
                0x4a022ee8                lmb_is_reserved
                0x4a022f38                board_lmb_reserve
                0x4a022f38                __board_lmb_reserve
                0x4a022f3c                __arch_lmb_reserve
                0x4a022f40                ldiv
                0x4a022f90                string_to_ip
                0x4a023004                qsort
                0x4a0230e4                strcmp_compar
                0x4a0230f0                strmhz
                0x4a02315c                __div64_32
                0x4a023238                strcpy
                0x4a023254                strncpy
                0x4a023278                strcat
                0x4a0232a8                strncat
                0x4a0232fc                strcmp
                0x4a02332c                strncmp
                0x4a023370                strchr
                0x4a0233a4                strlen
                0x4a0233c4                strrchr
                0x4a023400                strnlen
                0x4a023430                strdup
                0x4a023468                strspn
                0x4a0234b0                strpbrk
                0x4a0234ec                strtok
                0x4a023568                strsep
                0x4a02359c                strswab
                0x4a0235e8                memset
                0x4a023654                bcopy
                0x4a023678                memcpy
                0x4a0236e0                memmove
                0x4a023740                memcmp
                0x4a023774                memscan
                0x4a0237a0                strstr
                0x4a023804                memchr
                0x4a023834                udelay
                0x4a023d88                simple_strtoul
                0x4a023e48                strict_strtoul
                0x4a023ec0                simple_strtol
                0x4a023ee8                ustrtoul
                0x4a023f58                simple_strtoull
                0x4a024044                vsprintf
                0x4a0244a4                sprintf
                0x4a0244c8                panic
                0x4a02450c                __assert_fail
 .text          0x4a024520     0x26e8 lib/zlib/libz.o
                0x4a024520                zcfree
                0x4a024528                zcalloc
                0x4a024530                inflate_fast
                0x4a024ac0                inflate_table
                0x4a025078                inflateReset
                0x4a0250f4                inflateInit2_
                0x4a0251fc                inflateInit_
                0x4a025210                inflateEnd
                0x4a025274                adler32
                0x4a0255c0                inflate
 .text          0x4a026c08      0xe60 nand_sunxi/libnand(nand_for_uboot.o)
                0x4a026c08                nand_write_uboot
                0x4a026c3c                nand_read_uboot
                0x4a026c70                nand_get_dev
                0x4a026c90                nand_init_uboot
                0x4a026cf0                NAND_PhyRead
                0x4a026cf4                NAND_PhyRead_Seq
                0x4a026cf8                NAND_PhyRead_1K
                0x4a026cfc                NAND_PhyWrite
                0x4a026d00                NAND_PhyWrite_1K
                0x4a026d04                NAND_PhyWrite_Seq
                0x4a026d08                NAND_PhyErase
                0x4a026d0c                NAND_PhyInit
                0x4a026dbc                NAND_PhyExit
                0x4a026dcc                NAND_LogicWrite
                0x4a026dd0                nand_erase_uboot
                0x4a026f58                NAND_LogicRead
                0x4a026f5c                NAND_Init
                0x4a027010                NAND_Exit
                0x4a027034                NAND_HWScanStart
                0x4a0270a8                NAND_HWScanStop
                0x4a0270c4                NAND_VersionGet
                0x4a0270ec                NAND_VersionCheck
                0x4a02725c                NAND_EraseBootBlocks
                0x4a0272c0                NAND_EraseChip
                0x4a0276b4                NAND_BadBlockScan
 .text          0x4a027a68      0x2e8 nand_sunxi/libnand(nand_osal_uboot.o)
                0x4a027a68                NAND_RequestDMA
                0x4a027a84                NAND_ReleaseDMA
                0x4a027aa4                NAND_DMAConfigStart
                0x4a027b8c                NAND_QueryDmaStat
                0x4a027b9c                NAND_WaitDmaFinish
                0x4a027ba4                NAND_ClkRequest
                0x4a027bac                NAND_ClkRelease
                0x4a027bb0                NAND_AHBEnable
                0x4a027bcc                NAND_AHBDisable
                0x4a027be4                NAND_ClkEnable
                0x4a027c00                NAND_ClkDisable
                0x4a027c18                _GetCmuClk
                0x4a027c4c                NAND_SetClk
                0x4a027cbc                NAND_GetClk
                0x4a027ce4                NAND_PIORequest
                0x4a027d10                NAND_PIORelease
                0x4a027d14                NAND_Malloc
                0x4a027d18                NAND_Free
                0x4a027d1c                OSAL_IrqUnLock
                0x4a027d20                OSAL_IrqLock
                0x4a027d24                NAND_WaitRbReady
                0x4a027d2c                NAND_IORemap
                0x4a027d30                NAND_Print
 .text          0x4a027d50      0x53c nand_sunxi/libnand(nand_fspart.o)
                0x4a027df0                sunxi_nand_getpart_num
                0x4a027e18                sunxi_nand_getpart_name
                0x4a027e40                sunxi_nand_getpart_offset
                0x4a027e9c                sunxi_nand_getpart_size
                0x4a027ef8                sunxi_nand_getpart_offset_byname
                0x4a027f88                sunxi_nand_getpart_size_byname
                0x4a028018                sunxi_nand_getpart_info_byname
                0x4a0280d0                sunxi_nand_scan_partition
 .text          0x4a02828c     0x2524 nand_sunxi/libnand(nand_format.o)
                0x4a028300                _CalculatePhyOpPar
                0x4a028cc8                FMT_Init
                0x4a028e5c                FMT_Exit
                0x4a028e64                FMT_FormatNand
                0x4a02a79c                ClearNandStruct
 .text          0x4a02a7b0     0x1870 nand_sunxi/libnand(logic_ctl.o)
                0x4a02aa2c                LML_CalculatePhyOpPar
                0x4a02ac20                LML_VirtualPageRead
                0x4a02adc8                LML_VirtualPageWrite
                0x4a02afbc                LML_VirtualBlkErase
                0x4a02b084                LML_PageRead
                0x4a02b27c                LML_PageWrite
                0x4a02b72c                LML_FlushPageCache
                0x4a02b76c                LML_Read
                0x4a02ba28                LML_Write
                0x4a02bc98                LML_Init
                0x4a02be2c                LML_Exit
                0x4a02be90                NAND_GetDiskSize
                0x4a02bed8                NAND_SetPartInfo
 .text          0x4a02c020     0x1248 nand_sunxi/libnand(mapping.o)
                0x4a02c6d4                dump
                0x4a02c778                PMM_InitMapTblCache
                0x4a02c800                PMM_ExitMapTblCache
                0x4a02c844                BMM_InitMapTblCache
                0x4a02c94c                BMM_ExitMapTblCache
                0x4a02c9a0                BMM_SwitchMapTbl
                0x4a02ccc4                BMM_WriteBackAllMapTbl
                0x4a02cd54                BMM_SetDirtyFlag
                0x4a02ce10                PMM_SwitchMapTbl
 .text          0x4a02d268      0xb98 nand_sunxi/libnand(mapping_base.o)
                0x4a02d314                BMM_GetDataBlk
                0x4a02d384                BMM_SetDataBlk
                0x4a02d404                BMM_GetFreeBlk
                0x4a02dae4                BMM_SetFreeBlk
                0x4a02db5c                BMM_GetLogBlk
                0x4a02dbe8                BMM_SetLogBlk
                0x4a02dc50                PMM_GetLogPage
                0x4a02dd90                PMM_ClearCurMapTbl
                0x4a02ddc0                PMM_GetCurMapPage
                0x4a02dde0                PMM_SetCurMapPage
 .text          0x4a02de00      0xc1c nand_sunxi/libnand(merge.o)
                0x4a02de00                _copy_page0
                0x4a02df88                _log2data_swap_merge
                0x4a02e140                _free2log_move_merge
                0x4a02e654                _free2data_simple_merge
                0x4a02e8f4                _get_page_map_tbl_info
                0x4a02e990                LML_MergeLogBlk
 .text          0x4a02ea1c       0xf8 nand_sunxi/libnand(read_reclaim.o)
                0x4a02ea1c                LML_ReadReclaim
 .text          0x4a02eb14     0x2c7c nand_sunxi/libnand(nand_phy.o)
                0x4a02eb14                _cal_block_in_chip
                0x4a02ebc4                _read_single_page_seq
                0x4a02edc4                _read_single_page_1K
                0x4a02efa8                _read_single_page_spare
                0x4a02f5b0                PHY_SimpleRead_Seq
                0x4a02f5b8                PHY_SimpleRead_1K
                0x4a02f5c0                PHY_BlockErase
                0x4a02f758                _read_sectors
                0x4a02fcb0                _two_plane_read
                0x4a02ff18                PHY_PageRead
                0x4a030164                _cal_addr_in_chip_for_spare
                0x4a030228                _read_sectors_for_spare
                0x4a030a04                PHY_PageReadSpare
                0x4a030c2c                PHY_FreePageCheck
                0x4a030cfc                PHY_PageWrite
                0x4a030f18                _single_copy_back
                0x4a0310e4                _multi_copy_back
                0x4a031454                PHY_PageCopyback
                0x4a031584                PHY_ScanDDRParam
                0x4a0316b4                PHY_ReadNandUniqueId
 .text          0x4a031790     0x10e4 nand_sunxi/libnand(nand_simple_r.o)
                0x4a031790                _add_cmd_list
                0x4a0317c8                _cal_addr_in_chip
                0x4a031888                _cal_real_chip
                0x4a03198c                _cal_real_rb
                0x4a031a10                _read_status
                0x4a031a9c                _wait_rb_ready
                0x4a031ad4                _wait_rb_ready_int
                0x4a031b0c                _pending_dma_irq_sem
                0x4a031b10                _random_seed_init
                0x4a031b14                _cal_random_seed
                0x4a031b2c                PHY_Init
                0x4a031b9c                PHY_GetDefaultParam
                0x4a031e24                PHY_SetDefaultParam
                0x4a031e68                PHY_ChangeMode
                0x4a031f68                PHY_Exit
                0x4a032048                PHY_ResetChip
                0x4a03211c                _read_single_page
                0x4a032620                PHY_ReadNandId
                0x4a032690                PHY_CheckWp
                0x4a0326e4                _pending_rb_irq_sem
                0x4a0326e8                _do_irq
                0x4a0326ec                PHY_SimpleRead
                0x4a0326f4                PHY_SynchBank
 .text          0x4a032874      0x79c nand_sunxi/libnand(nand_simple_w.o)
                0x4a032874                _write_signle_page
                0x4a032a2c                _write_signle_page_seq
                0x4a032be4                _write_signle_page_1K
                0x4a032d54                _erase_single_block
                0x4a032e18                PHY_SimpleWrite
                0x4a032e9c                PHY_SimpleWrite_Seq
                0x4a032f20                PHY_SimpleWrite_1K
                0x4a032fa4                PHY_SimpleErase
 .text          0x4a033010      0x398 nand_sunxi/libnand(mbr.o)
                0x4a033010                nand_calc_crc32
                0x4a0330b0                _get_mbr
                0x4a033140                _free_mbr
                0x4a033170                mbr2disks
                0x4a0331cc                NAND_PartInit
 .text          0x4a0333a8      0x7fc nand_sunxi/libnand(nand_scan.o)
                0x4a0333a8                NAND_GetPageSize
                0x4a0333bc                NAND_GetLogicPageSize
                0x4a0333d8                NAND_GetPageCntPerBlk
                0x4a0333e8                NAND_GetBlkCntPerChip
                0x4a033400                NAND_GetChipCnt
                0x4a033410                NAND_GetChipConnect
                0x4a033420                NAND_GetBadBlockFlagPos
                0x4a033428                NAND_GetReadRetryType
                0x4a033438                NAND_GetValidBlkRatio
                0x4a033448                NAND_SetValidBlkRatio
                0x4a033464                NAND_GetFrequencePar
                0x4a033474                NAND_SetFrequencePar
                0x4a03348c                NAND_GetNandVersion
                0x4a033498                NAND_GetParam
                0x4a033550                NAND_GetFlashInfo
                0x4a033594                _SearchNandArchi
                0x4a033750                SCN_AnalyzeNandSystem
 .text          0x4a033ba4      0x2a4 nand_sunxi/libnand(bad_manage.o)
                0x4a033cd4                LML_BadBlkManage
 .text          0x4a033e48     0x1c40 nand_sunxi/libnand(nfc_r.o)
                0x4a033e48                NFC_InitDDRParam
                0x4a033e5c                nfc_repeat_mode_enable
                0x4a033e84                nfc_repeat_mode_disable
                0x4a033eac                _wait_cmdfifo_free
                0x4a033f08                _wait_cmd_finish
                0x4a033f78                _dma_config_start
                0x4a033f7c                _wait_dma_end
                0x4a033fd4                _reset
                0x4a03403c                _check_ecc
                0x4a03410c                _disable_ecc
                0x4a034128                _enable_ecc
                0x4a03415c                _enter_nand_critical
                0x4a034164                _exit_nand_critical
                0x4a03416c                _set_addr
                0x4a0341c4                _read_in_page_mode
                0x4a0342f8                NFC_Read
                0x4a03431c                nfc_set_cmd_register
                0x4a0343c0                NFC_SetRandomSeed
                0x4a0343e8                NFC_RandomEnable
                0x4a034408                NFC_RandomDisable
                0x4a034428                NFC_GetId
                0x4a03448c                NFC_GetStatus
                0x4a0344d8                NFC_ResetChip
                0x4a0344fc                NFC_SelectChip
                0x4a034534                NFC_SelectRb
                0x4a03455c                NFC_DeSelectChip
                0x4a034564                NFC_DeSelectRb
                0x4a03456c                NFC_CheckRbReady
                0x4a034594                NFC_ChangMode
                0x4a0346a4                NFC_SetEccMode
                0x4a0346cc                NFC_Init
                0x4a034784                NFC_Exit
                0x4a0347b8                _vender_get_param
                0x4a03485c                _vender_set_param
                0x4a034b08                _vender_pre_condition
                0x4a034ba4                _vender_get_param_otp_hynix
                0x4a034e6c                NFC_ReadRetry
                0x4a0351d4                NFC_ReadRetryInit
                0x4a035584                NFC_GetOTPValue
                0x4a0355c0                NFC_GetDefaultParam
                0x4a0356cc                NFC_SetDefaultParam
                0x4a0358c4                NFC_ReadRetry_off
                0x4a035914                NFC_ReadRetryExit
                0x4a03591c                NFC_RbIntEnable
                0x4a035938                NFC_RbIntDisable
                0x4a035954                NFC_RbIntClearStatus
                0x4a03596c                NFC_RbIntGetStatus
                0x4a035984                NFC_RbIntOccur
                0x4a0359a4                NFC_GetRbSelect
                0x4a0359c0                NFC_GetRbStatus
                0x4a0359fc                NFC_DmaIntEnable
                0x4a035a18                NFC_DmaIntDisable
                0x4a035a34                NFC_DmaIntClearStatus
                0x4a035a4c                NFC_DmaIntGetStatus
                0x4a035a64                NFC_DmaIntOccur
 .text          0x4a035a88      0xd10 nand_sunxi/libnand(nfc_w.o)
                0x4a035a88                _wait_twb
                0x4a035a8c                NFC_GetUniqueId
                0x4a035af8                NFC_Write
                0x4a035c3c                NFC_Write_Seq
                0x4a035dcc                NFC_Write_1K
                0x4a035f50                NFC_Erase
                0x4a035f88                NFC_CopyBackRead
                0x4a035fc0                NFC_CopyBackWrite
                0x4a035ff8                _read_in_page_mode_seq
                0x4a03618c                _read_in_page_mode_1K
                0x4a036300                _read_in_page_mode_spare
                0x4a036424                NFC_Read_Seq
                0x4a036478                NFC_Read_1K
                0x4a0364cc                NFC_Read_Spare
                0x4a036520                NFC_LSBInit
                0x4a03663c                LSB_GetDefaultParam
                0x4a036684                LSB_SetDefaultParam
                0x4a03669c                NFC_LSBEnable
                0x4a0366f8                NFC_LSBDisable
                0x4a036714                NFC_LSBExit
 .text          0x4a036798        0x0 nand_sunxi/libnand(nand_id.o)
 .text          0x4a036798      0x550 board/allwinner/sun7i-evb/libsun7i-evb.o
                0x4a036798                fastboot_flash_partition_init
                0x4a0369c8                fastboot_partition_init
                0x4a0369cc                android_misc_flash_check
                0x4a036b98                check_android_misc
                0x4a036b9c                set_boot_type_arg
                0x4a036bc8                board_init
                0x4a036bf8                board_late_init
                0x4a036c10                dram_init_banksize
                0x4a036c74                dram_init
                0x4a036c94                board_mmc_init
                0x4a036cb0                mmc_get_env_addr
                0x4a036cd0                checkboard
 .text          0x4a036ce8       0x20 /home/jason/cubieboard/u-boot-sunxi/arch/arm/lib/eabi_compat.o
                0x4a036ce8                raise
                0x4a036d04                __aeabi_unwind_cpp_pr0
 .text          0x4a036d08      0x114 /opt/arm-2013.05/bin/../lib/gcc/arm-none-linux-gnueabi/4.7.3/armv4t/libgcc.a(_udivsi3.o)
                0x4a036d08                __udivsi3
                0x4a036d08                __aeabi_uidiv
                0x4a036dfc                __aeabi_uidivmod
 .text          0x4a036e1c      0x148 /opt/arm-2013.05/bin/../lib/gcc/arm-none-linux-gnueabi/4.7.3/armv4t/libgcc.a(_divsi3.o)
                0x4a036e1c                __aeabi_idiv
                0x4a036e1c                __divsi3
                0x4a036f44                __aeabi_idivmod
 .text          0x4a036f64       0x1c /opt/arm-2013.05/bin/../lib/gcc/arm-none-linux-gnueabi/4.7.3/armv4t/libgcc.a(_lshrdi3.o)
                0x4a036f64                __aeabi_llsr
                0x4a036f64                __lshrdi3
 .text          0x4a036f80       0x1c /opt/arm-2013.05/bin/../lib/gcc/arm-none-linux-gnueabi/4.7.3/armv4t/libgcc.a(_ashrdi3.o)
                0x4a036f80                __ashrdi3
                0x4a036f80                __aeabi_lasr
 .text          0x4a036f9c       0x1c /opt/arm-2013.05/bin/../lib/gcc/arm-none-linux-gnueabi/4.7.3/armv4t/libgcc.a(_ashldi3.o)
                0x4a036f9c                __ashldi3
                0x4a036f9c                __aeabi_llsl
 .text          0x4a036fb8       0x14 /opt/arm-2013.05/bin/../lib/gcc/arm-none-linux-gnueabi/4.7.3/armv4t/libgcc.a(_dvmd_lnx.o)
                0x4a036fb8                __aeabi_ldiv0
                0x4a036fb8                __aeabi_idiv0

.glue_7         0x4a036fcc        0x0
 .glue_7        0x00000000        0x0 linker stubs

.glue_7t        0x4a036fcc        0x0
 .glue_7t       0x00000000        0x0 linker stubs

.vfp11_veneer   0x4a036fcc        0x0
 .vfp11_veneer  0x00000000        0x0 linker stubs

.v4_bx          0x4a036fcc        0x0
 .v4_bx         0x00000000        0x0 linker stubs

.iplt           0x4a036fcc        0x0
 .iplt          0x00000000        0x0 arch/arm/cpu/armv7/start.o
                0x4a036fcc                . = ALIGN (0x4)

.rodata         0x4a036fcc     0xb44d
 *(SORT(.rodata*))
 .rodata        0x4a036fcc       0x80 arch/arm/lib/libarm.o
 .rodata        0x4a03704c      0x75c common/libcommon.o
                0x4a037104                version_string
                0x4a037171                default_environment
 .rodata        0x4a0377a8       0x18 disk/libdisk.o
 .rodata        0x4a0377c0       0x50 drivers/mmc/libmmc.o
 .rodata        0x4a037810      0x614 drivers/mtd/nand/libnand.o
                0x4a03796c                nand_manuf_ids
                0x4a0379bc                nand_flash_ids
 .rodata        0x4a037e24       0x10 drivers/serial/libserial.o
 .rodata        0x4a037e34       0x18 fs/fat/libfat.o
 .rodata        0x4a037e4c       0x10 fs/libfs.o
 .rodata        0x4a037e5c      0x827 lib/libgeneric.o
                0x4a037e5c                crc7_syndrome_table
                0x4a038562                _ctype
                0x4a038672                hex_asc
 *fill*         0x4a038683        0x1 
 .rodata        0x4a038684      0x9cc lib/zlib/libz.o
                0x4a039028                z_errmsg
 .rodata        0x4a039050      0x10a nand_sunxi/libnand(nand_simple_r.o)
                0x4a03905a                random_seed
 .rodata        0x4a03915a      0x19e nand_sunxi/libnand(nfc_r.o)
                0x4a039164                param0x30low
                0x4a0391a4                param0x30high
                0x4a0391f4                para0
                0x4a039224                para1
                0x4a039254                para0x10
                0x4a03925e                para0x20
                0x4a0392d6                param0x40
                0x4a0392ea                param0x50
 .rodata        0x4a0392f8       0x16 arch/arm/cpu/armv7/libarmv7.o
 .rodata        0x4a03930e        0xc arch/arm/cpu/armv7/sunxi/libsunxi.o
 .rodata        0x4a03931a        0xf fs/ext2/libext2fs.o
 .rodata        0x4a039329        0xf fs/ext4/libext4fs.o
 .rodata        0x4a039338       0x24 nand_sunxi/libnand(nand_phy.o)
 .rodata        0x4a03935c        0x9 nand_sunxi/libnand(mbr.o)
 .rodata        0x4a039365       0x16 nand_sunxi/libnand(nand_scan.o)
 .rodata        0x4a03937b       0x11 nand_sunxi/libnand(bad_manage.o)
 .rodata.str1.1
                0x4a03938c       0x65 arch/arm/cpu/armv7/libarmv7.o
 .rodata.str1.1
                0x4a0393f1      0xad7 arch/arm/cpu/armv7/sunxi/libsunxi.o
                                0xaf4 (size before relaxing)
 .rodata.str1.1
                0x4a039ec8      0x3a5 arch/arm/lib/libarm.o
                                0x3be (size before relaxing)
 .rodata.str1.1
                0x4a03a26d     0x3d03 common/libcommon.o
                               0x41a6 (size before relaxing)
 .rodata.str1.1
                0x4a03df70      0x3ca disk/libdisk.o
                                0x439 (size before relaxing)
 .rodata.str1.1
                0x4a03e33a      0x17a drivers/mmc/libmmc.o
                                0x18e (size before relaxing)
 .rodata.str1.1
                0x4a03e4b4      0xb1a drivers/mtd/nand/libnand.o
                                0xb32 (size before relaxing)
 .rodata.str1.1
                0x00000000       0x1a drivers/serial/libserial.o
 .rodata.str1.1
                0x4a03efce       0x33 drivers/storage_type/libstorage_type.o
 .rodata.str1.1
                0x4a03f001      0x266 fs/ext2/libext2fs.o
 .rodata.str1.1
                0x4a03f267      0x2bb fs/ext4/libext4fs.o
                                0x35b (size before relaxing)
 .rodata.str1.1
                0x4a03f522      0x2bd fs/fat/libfat.o
                                0x305 (size before relaxing)
 .rodata.str1.1
                0x4a03f7df       0x9f fs/libfs.o
                                 0xe1 (size before relaxing)
 .rodata.str1.1
                0x4a03f87e      0x14d lib/libgeneric.o
                                0x15f (size before relaxing)
 .rodata.str1.1
                0x4a03f9cb      0x21c lib/zlib/libz.o
                                0x21d (size before relaxing)
 .rodata.str1.1
                0x4a03fbe7      0x752 nand_sunxi/libnand(nand_for_uboot.o)
                                0x754 (size before relaxing)
 .rodata.str1.1
                0x00000000        0x9 nand_sunxi/libnand(nand_fspart.o)
 .rodata.str1.1
                0x4a040339      0x294 nand_sunxi/libnand(nand_format.o)
 .rodata.str1.1
                0x4a0405cd      0x70a nand_sunxi/libnand(logic_ctl.o)
 .rodata.str1.1
                0x4a040cd7      0x3b5 nand_sunxi/libnand(mapping.o)
                                0x3b7 (size before relaxing)
 .rodata.str1.1
                0x4a04108c      0x406 nand_sunxi/libnand(mapping_base.o)
 .rodata.str1.1
                0x4a041492      0x253 nand_sunxi/libnand(merge.o)
 .rodata.str1.1
                0x4a0416e5       0x69 nand_sunxi/libnand(read_reclaim.o)
 .rodata.str1.1
                0x4a04174e      0x4c9 nand_sunxi/libnand(nand_phy.o)
 .rodata.str1.1
                0x4a041c17      0x288 nand_sunxi/libnand(nand_simple_r.o)
 .rodata.str1.1
                0x4a041e9f       0x29 nand_sunxi/libnand(mbr.o)
 .rodata.str1.1
                0x4a041ec8       0xe6 nand_sunxi/libnand(nand_scan.o)
 .rodata.str1.1
                0x4a041fae       0x70 nand_sunxi/libnand(bad_manage.o)
 .rodata.str1.1
                0x4a04201e      0x180 nand_sunxi/libnand(nfc_r.o)
 .rodata.str1.1
                0x4a04219e        0xe nand_sunxi/libnand(nfc_w.o)
 .rodata.str1.1
                0x4a0421ac      0x252 board/allwinner/sun7i-evb/libsun7i-evb.o
                                0x283 (size before relaxing)
 .rodata.str1.1
                0x4a0423fe       0x1b /home/jason/cubieboard/u-boot-sunxi/arch/arm/lib/eabi_compat.o

.hash           0x4a04241c       0x44
 .hash          0x4a04241c       0x44 arch/arm/cpu/armv7/start.o
                0x4a042460                . = ALIGN (0x4)

.data           0x4a042460     0x2c00
 *(.data)
 .data          0x4a042460        0x0 arch/arm/cpu/armv7/start.o
 .data          0x4a042460        0x0 arch/arm/cpu/armv7/libarmv7.o
 .data          0x4a042460        0xc arch/arm/cpu/armv7/sunxi/libsunxi.o
                0x4a042460                mmc_card_no
 .data          0x4a04246c       0x28 arch/arm/lib/libarm.o
                0x4a04246c                init_sequence
 .data          0x4a042494      0x664 common/libcommon.o
                0x4a04264c                load_addr
                0x4a042aec                stdio_names
 .data          0x4a042af8        0x0 disk/libdisk.o
 .data          0x4a042af8      0x100 drivers/dma/libdma.o
                0x4a042af8                dma_channal
 .data          0x4a042bf8        0x4 drivers/mmc/libmmc.o
 .data          0x4a042bfc      0xa30 drivers/mtd/nand/libnand.o
                0x4a042bfc                nand_curr_device
 .data          0x4a04362c        0x0 drivers/pcmcia/libpcmcia.o
 .data          0x4a04362c        0x0 drivers/rtc/librtc.o
 .data          0x4a04362c        0x0 drivers/serial/libserial.o
 .data          0x4a04362c        0x0 drivers/storage_type/libstorage_type.o
 .data          0x4a04362c        0x8 fs/ext2/libext2fs.o
                0x4a04362c                indir1_blkno
                0x4a043630                indir2_blkno
 .data          0x4a043634        0xc fs/ext4/libext4fs.o
                0x4a043634                ext4fs_indir1_blkno
                0x4a043638                ext4fs_indir2_blkno
                0x4a04363c                ext4fs_indir3_blkno
 .data          0x4a043640      0x208 fs/fat/libfat.o
                0x4a043644                file_cwd
 .data          0x4a043848        0x0 fs/libfs.o
 .data          0x4a043848        0x0 lib/libgeneric.o
 .data          0x4a043848        0x0 lib/zlib/libz.o
 .data          0x4a043848        0x0 nand_sunxi/libnand(nand_for_uboot.o)
 .data          0x4a043848        0x0 nand_sunxi/libnand(nand_osal_uboot.o)
 .data          0x4a043848        0x0 nand_sunxi/libnand(nand_fspart.o)
 .data          0x4a043848       0x48 nand_sunxi/libnand(nand_format.o)
                0x4a043848                blks_array
 .data          0x4a043890        0x0 nand_sunxi/libnand(logic_ctl.o)
 .data          0x4a043890        0x0 nand_sunxi/libnand(mapping.o)
 .data          0x4a043890        0x0 nand_sunxi/libnand(mapping_base.o)
 .data          0x4a043890        0x0 nand_sunxi/libnand(merge.o)
 .data          0x4a043890        0x0 nand_sunxi/libnand(read_reclaim.o)
 .data          0x4a043890        0x0 nand_sunxi/libnand(nand_phy.o)
 .data          0x4a043890        0x0 nand_sunxi/libnand(nand_simple_r.o)
 .data          0x4a043890        0x0 nand_sunxi/libnand(nand_simple_w.o)
 .data          0x4a043890        0x0 nand_sunxi/libnand(mbr.o)
 .data          0x4a043890        0x0 nand_sunxi/libnand(nand_scan.o)
 .data          0x4a043890        0x0 nand_sunxi/libnand(bad_manage.o)
 .data          0x4a043890        0x0 nand_sunxi/libnand(nfc_r.o)
 .data          0x4a043890        0x0 nand_sunxi/libnand(nfc_w.o)
 .data          0x4a043890     0x17d0 nand_sunxi/libnand(nand_id.o)
                0x4a043890                DefaultNandTbl
                0x4a0438b8                SandiskNandTbl
                0x4a043958                PowerNandTbl
                0x4a0439a8                SpansionNandTbl
                0x4a043a48                StNandTbl
                0x4a043bd8                IntelNandTbl
                0x4a043d68                MicronNandTbl
                0x4a044100                ToshibaNandTbl
                0x4a044470                HynixNandTbl
                0x4a044a38                SamsungNandTbl
 .data          0x4a045060        0x0 board/allwinner/sun7i-evb/libsun7i-evb.o
 .data          0x4a045060        0x0 /home/jason/cubieboard/u-boot-sunxi/arch/arm/lib/eabi_compat.o
 .data          0x4a045060        0x0 /opt/arm-2013.05/bin/../lib/gcc/arm-none-linux-gnueabi/4.7.3/armv4t/libgcc.a(_udivsi3.o)
 .data          0x4a045060        0x0 /opt/arm-2013.05/bin/../lib/gcc/arm-none-linux-gnueabi/4.7.3/armv4t/libgcc.a(_divsi3.o)
 .data          0x4a045060        0x0 /opt/arm-2013.05/bin/../lib/gcc/arm-none-linux-gnueabi/4.7.3/armv4t/libgcc.a(_lshrdi3.o)
 .data          0x4a045060        0x0 /opt/arm-2013.05/bin/../lib/gcc/arm-none-linux-gnueabi/4.7.3/armv4t/libgcc.a(_ashrdi3.o)
 .data          0x4a045060        0x0 /opt/arm-2013.05/bin/../lib/gcc/arm-none-linux-gnueabi/4.7.3/armv4t/libgcc.a(_ashldi3.o)
 .data          0x4a045060        0x0 /opt/arm-2013.05/bin/../lib/gcc/arm-none-linux-gnueabi/4.7.3/armv4t/libgcc.a(_dvmd_lnx.o)

.got            0x4a045060        0x0
 .got           0x00000000        0x0 arch/arm/cpu/armv7/start.o

.got.plt        0x4a045060        0xc
 .got.plt       0x4a045060        0xc arch/arm/cpu/armv7/start.o
                0x4a045060                _GLOBAL_OFFSET_TABLE_

.igot.plt       0x4a04506c        0x0
 .igot.plt      0x00000000        0x0 arch/arm/cpu/armv7/start.o
                0x4a04506c                . = ALIGN (0x4)
                0x4a04506c                . = .
                0x4a04506c                __u_boot_cmd_start = .

.u_boot_cmd     0x4a04506c      0x4b4
 *(.u_boot_cmd)
 .u_boot_cmd    0x4a04506c       0x1c arch/arm/cpu/armv7/sunxi/libsunxi.o
                0x4a04506c                __u_boot_cmd_key_test
 .u_boot_cmd    0x4a045088      0x498 common/libcommon.o
                0x4a045088                __u_boot_cmd_reset
                0x4a0450a4                __u_boot_cmd_go
                0x4a0450c0                __u_boot_cmd_boota
                0x4a0450dc                __u_boot_cmd_bootd
                0x4a0450f8                __u_boot_cmd_boot
                0x4a045114                __u_boot_cmd_bootm
                0x4a045130                __u_boot_cmd_exit
                0x4a04514c                __u_boot_cmd_ext2load
                0x4a045168                __u_boot_cmd_ext2ls
                0x4a045184                __u_boot_cmd_ext4load
                0x4a0451a0                __u_boot_cmd_ext4ls
                0x4a0451bc                __u_boot_cmd_fastboot
                0x4a0451d8                __u_boot_cmd_fatinfo
                0x4a0451f4                __u_boot_cmd_fatls
                0x4a045210                __u_boot_cmd_fatdown
                0x4a04522c                __u_boot_cmd_fatload
                0x4a045248                __u_boot_cmd_question_mark
                0x4a045264                __u_boot_cmd_help
                0x4a045280                __u_boot_cmd_mtest
                0x4a04529c                __u_boot_cmd_loop
                0x4a0452b8                __u_boot_cmd_base
                0x4a0452d4                __u_boot_cmd_crc32
                0x4a0452f0                __u_boot_cmd_cmp
                0x4a04530c                __u_boot_cmd_cp
                0x4a045328                __u_boot_cmd_mw
                0x4a045344                __u_boot_cmd_nm
                0x4a045360                __u_boot_cmd_mm
                0x4a04537c                __u_boot_cmd_md
                0x4a045398                __u_boot_cmd_mmc
                0x4a0453b4                __u_boot_cmd_mmcinfo
                0x4a0453d0                __u_boot_cmd_nboot
                0x4a0453ec                __u_boot_cmd_nand
                0x4a045408                __u_boot_cmd_run
                0x4a045424                __u_boot_cmd_setenv
                0x4a045440                __u_boot_cmd_printenv
                0x4a04545c                __u_boot_cmd_env
                0x4a045478                __u_boot_cmd_sunxi_flash
                0x4a045494                __u_boot_cmd_true
                0x4a0454b0                __u_boot_cmd_false
                0x4a0454cc                __u_boot_cmd_test
                0x4a0454e8                __u_boot_cmd_version
                0x4a045504                __u_boot_cmd_showvar
                0x4a045520                __u_boot_cmd_end = .
                0x4a045520                . = ALIGN (0x4)
                0x4a045520                __image_copy_end = .

.rel.dyn        0x4a045520     0x5dc0
                0x4a045520                __rel_dyn_start = .
 *(.rel*)
 .rel.got       0x00000000        0x0 arch/arm/cpu/armv7/start.o
 .rel.plt       0x00000000        0x0 arch/arm/cpu/armv7/start.o
 .rel.iplt      0x00000000        0x0 arch/arm/cpu/armv7/start.o
 .rel.text      0x4a045520     0x42a0 arch/arm/cpu/armv7/start.o
 .rel.u_boot_cmd
                0x4a0497c0      0x568 arch/arm/cpu/armv7/start.o
 .rel.rodata    0x4a049d28      0x6d8 arch/arm/cpu/armv7/start.o
 .rel.data      0x4a04a400      0xee0 arch/arm/cpu/armv7/start.o
                0x4a04b2e0                __rel_dyn_end = .

.dynsym         0x4a04b2e0       0xc0
                0x4a04b2e0                __dynsym_start = .
 *(.dynsym)
 .dynsym        0x4a04b2e0       0xc0 arch/arm/cpu/armv7/start.o
                0x4a04b3a0                _end = .

.bss            0x4a045520    0x3c1f0
                0x4a045520                __bss_start = .
 *(.bss)
 .bss           0x4a045520        0x0 arch/arm/cpu/armv7/start.o
 .bss           0x4a045520        0x0 arch/arm/cpu/armv7/libarmv7.o
 .bss           0x4a045520     0x450c arch/arm/cpu/armv7/sunxi/libsunxi.o
                0x4a045520                uart_console
                0x4a045524                storage_type
                0x4a0497b4                irq_vector
 .bss           0x4a049a2c        0x8 arch/arm/lib/libarm.o
                0x4a049a2c                monitor_flash_len
 *fill*         0x4a049a34        0x4 
 .bss           0x4a049a38     0x25e0 common/libcommon.o
                0x4a04a370                mem_malloc_brk
                0x4a04a374                mem_malloc_start
                0x4a04a378                mem_malloc_end
                0x4a04a3b4                env_htab
                0x4a04a3c0                env_ptr
                0x4a04a510                last_return_code
                0x4a04a618                nesting_level
                0x4a04a628                hist_num
                0x4a04a62c                hist_lines
                0x4a04ba40                hist_list
                0x4a04ba90                console_buffer
                0x4a04bbd0                stdio_devices
[...]
 .debug_line    0x0001325a       0x78 /home/jason/cubieboard/u-boot-sunxi/arch/arm/lib/eabi_compat.o

.debug_info     0x00000000    0x67866
 .debug_info    0x00000000       0x68 arch/arm/cpu/armv7/start.o
 .debug_info    0x00000068      0xc8f arch/arm/cpu/armv7/libarmv7.o
 .debug_info    0x00000cf7     0xc9d5 arch/arm/cpu/armv7/sunxi/libsunxi.o
 .debug_info    0x0000d6cc     0x3159 arch/arm/lib/libarm.o
 .debug_info    0x00010825    0x1a929 common/libcommon.o
 .debug_info    0x0002b14e     0x196b disk/libdisk.o
 .debug_info    0x0002cab9      0x6f8 drivers/dma/libdma.o
 .debug_info    0x0002d1b1     0x3c90 drivers/mmc/libmmc.o
 .debug_info    0x00030e41     0xc86b drivers/mtd/nand/libnand.o
 .debug_info    0x0003d6ac       0xe4 drivers/pcmcia/libpcmcia.o
 .debug_info    0x0003d790       0x72 drivers/rtc/librtc.o
 .debug_info    0x0003d802     0x1049 drivers/serial/libserial.o
 .debug_info    0x0003e84b     0x12a7 drivers/storage_type/libstorage_type.o
 .debug_info    0x0003faf2     0x1a87 fs/ext2/libext2fs.o
 .debug_info    0x00041579     0x31d7 fs/ext4/libext4fs.o
 .debug_info    0x00044750     0x4034 fs/fat/libfat.o
 .debug_info    0x00048784      0xf7c fs/libfs.o
 .debug_info    0x00049700     0x44b7 lib/libgeneric.o
 .debug_info    0x0004dbb7     0x1423 lib/zlib/libz.o
 .debug_info    0x0004efda     0x2341 nand_sunxi/libnand(nand_for_uboot.o)
 .debug_info    0x0005131b      0x86c nand_sunxi/libnand(nand_osal_uboot.o)
 .debug_info    0x00051b87      0x776 nand_sunxi/libnand(nand_fspart.o)
 .debug_info    0x000522fd     0x26ac nand_sunxi/libnand(nand_format.o)
 .debug_info    0x000549a9     0x1cc2 nand_sunxi/libnand(logic_ctl.o)
 .debug_info    0x0005666b     0x19a6 nand_sunxi/libnand(mapping.o)
 .debug_info    0x00058011     0x106e nand_sunxi/libnand(mapping_base.o)
 .debug_info    0x0005907f     0x149c nand_sunxi/libnand(merge.o)
 .debug_info    0x0005a51b      0x72e nand_sunxi/libnand(read_reclaim.o)
 .debug_info    0x0005ac49     0x3225 nand_sunxi/libnand(nand_phy.o)
 .debug_info    0x0005de6e     0x1b8f nand_sunxi/libnand(nand_simple_r.o)
 .debug_info    0x0005f9fd     0x1322 nand_sunxi/libnand(nand_simple_w.o)
 .debug_info    0x00060d1f      0xbb6 nand_sunxi/libnand(mbr.o)
 .debug_info    0x000618d5      0xb9f nand_sunxi/libnand(nand_scan.o)
 .debug_info    0x00062474      0xc07 nand_sunxi/libnand(bad_manage.o)
 .debug_info    0x0006307b     0x1cf5 nand_sunxi/libnand(nfc_r.o)
 .debug_info    0x00064d70     0x134d nand_sunxi/libnand(nfc_w.o)
 .debug_info    0x000660bd      0x40d nand_sunxi/libnand(nand_id.o)
 .debug_info    0x000664ca     0x12a0 board/allwinner/sun7i-evb/libsun7i-evb.o
 .debug_info    0x0006776a       0xfc /home/jason/cubieboard/u-boot-sunxi/arch/arm/lib/eabi_compat.o

.debug_abbrev   0x00000000    0x11754
 .debug_abbrev  0x00000000       0x14 arch/arm/cpu/armv7/start.o
 .debug_abbrev  0x00000014      0x474 arch/arm/cpu/armv7/libarmv7.o
 .debug_abbrev  0x00000488     0x1f52 arch/arm/cpu/armv7/sunxi/libsunxi.o
 .debug_abbrev  0x000023da      0xc9e arch/arm/lib/libarm.o
 .debug_abbrev  0x00003078     0x4ea2 common/libcommon.o
 .debug_abbrev  0x00007f1a      0x633 disk/libdisk.o
 .debug_abbrev  0x0000854d      0x18f drivers/dma/libdma.o
 .debug_abbrev  0x000086dc      0xa46 drivers/mmc/libmmc.o
 .debug_abbrev  0x00009122     0x1496 drivers/mtd/nand/libnand.o
 .debug_abbrev  0x0000a5b8       0x4c drivers/pcmcia/libpcmcia.o
 .debug_abbrev  0x0000a604       0x26 drivers/rtc/librtc.o
 .debug_abbrev  0x0000a62a      0x407 drivers/serial/libserial.o
 .debug_abbrev  0x0000aa31      0x2e3 drivers/storage_type/libstorage_type.o
 .debug_abbrev  0x0000ad14      0x4fe fs/ext2/libext2fs.o
 .debug_abbrev  0x0000b212      0x78d fs/ext4/libext4fs.o
 .debug_abbrev  0x0000b99f      0xa44 fs/fat/libfat.o
 .debug_abbrev  0x0000c3e3      0x36f fs/libfs.o
 .debug_abbrev  0x0000c752     0x1806 lib/libgeneric.o
 .debug_abbrev  0x0000df58      0x42a lib/zlib/libz.o
 .debug_abbrev  0x0000e382      0x3c1 nand_sunxi/libnand(nand_for_uboot.o)
 .debug_abbrev  0x0000e743      0x2a1 nand_sunxi/libnand(nand_osal_uboot.o)
 .debug_abbrev  0x0000e9e4      0x23b nand_sunxi/libnand(nand_fspart.o)
 .debug_abbrev  0x0000ec1f      0x390 nand_sunxi/libnand(nand_format.o)
 .debug_abbrev  0x0000efaf      0x304 nand_sunxi/libnand(logic_ctl.o)
 .debug_abbrev  0x0000f2b3      0x3b0 nand_sunxi/libnand(mapping.o)
 .debug_abbrev  0x0000f663      0x315 nand_sunxi/libnand(mapping_base.o)
 .debug_abbrev  0x0000f978      0x255 nand_sunxi/libnand(merge.o)
 .debug_abbrev  0x0000fbcd      0x15d nand_sunxi/libnand(read_reclaim.o)
 .debug_abbrev  0x0000fd2a      0x2f1 nand_sunxi/libnand(nand_phy.o)
 .debug_abbrev  0x0001001b      0x34a nand_sunxi/libnand(nand_simple_r.o)
 .debug_abbrev  0x00010365      0x1fd nand_sunxi/libnand(nand_simple_w.o)
 .debug_abbrev  0x00010562      0x1fc nand_sunxi/libnand(mbr.o)
 .debug_abbrev  0x0001075e      0x233 nand_sunxi/libnand(nand_scan.o)
 .debug_abbrev  0x00010991      0x225 nand_sunxi/libnand(bad_manage.o)
 .debug_abbrev  0x00010bb6      0x413 nand_sunxi/libnand(nfc_r.o)
 .debug_abbrev  0x00010fc9      0x276 nand_sunxi/libnand(nfc_w.o)
 .debug_abbrev  0x0001123f       0xbb nand_sunxi/libnand(nand_id.o)
 .debug_abbrev  0x000112fa      0x3a5 board/allwinner/sun7i-evb/libsun7i-evb.o
 .debug_abbrev  0x0001169f       0xb5 /home/jason/cubieboard/u-boot-sunxi/arch/arm/lib/eabi_compat.o

.debug_aranges  0x00000000      0xf08
 .debug_aranges
                0x00000000       0x20 arch/arm/cpu/armv7/start.o
 .debug_aranges
                0x00000020       0x60 arch/arm/cpu/armv7/libarmv7.o
 .debug_aranges
                0x00000080      0x1f8 arch/arm/cpu/armv7/sunxi/libsunxi.o
 .debug_aranges
                0x00000278       0xc0 arch/arm/lib/libarm.o
 .debug_aranges
                0x00000338      0x3e8 common/libcommon.o
 .debug_aranges
                0x00000720       0x40 disk/libdisk.o
 .debug_aranges
                0x00000760       0x20 drivers/dma/libdma.o
 .debug_aranges
                0x00000780       0x40 drivers/mmc/libmmc.o
 .debug_aranges
                0x000007c0       0xd8 drivers/mtd/nand/libnand.o
 .debug_aranges
                0x00000898       0x30 drivers/pcmcia/libpcmcia.o
 .debug_aranges
                0x000008c8       0x18 drivers/rtc/librtc.o
 .debug_aranges
                0x000008e0       0x40 drivers/serial/libserial.o
 .debug_aranges
                0x00000920       0x20 drivers/storage_type/libstorage_type.o
 .debug_aranges
                0x00000940       0x40 fs/ext2/libext2fs.o
 .debug_aranges
                0x00000980       0x60 fs/ext4/libext4fs.o
 .debug_aranges
                0x000009e0       0x60 fs/fat/libfat.o
 .debug_aranges
                0x00000a40       0x20 fs/libfs.o
 .debug_aranges
                0x00000a60      0x210 lib/libgeneric.o
 .debug_aranges
                0x00000c70       0x20 lib/zlib/libz.o
 .debug_aranges
                0x00000c90       0x20 nand_sunxi/libnand(nand_for_uboot.o)
 .debug_aranges
                0x00000cb0       0x20 nand_sunxi/libnand(nand_osal_uboot.o)
 .debug_aranges
                0x00000cd0       0x20 nand_sunxi/libnand(nand_fspart.o)
 .debug_aranges
                0x00000cf0       0x20 nand_sunxi/libnand(nand_format.o)
 .debug_aranges
                0x00000d10       0x20 nand_sunxi/libnand(logic_ctl.o)
 .debug_aranges
                0x00000d30       0x20 nand_sunxi/libnand(mapping.o)
 .debug_aranges
                0x00000d50       0x20 nand_sunxi/libnand(mapping_base.o)
 .debug_aranges
                0x00000d70       0x20 nand_sunxi/libnand(merge.o)
 .debug_aranges
                0x00000d90       0x20 nand_sunxi/libnand(read_reclaim.o)
 .debug_aranges
                0x00000db0       0x20 nand_sunxi/libnand(nand_phy.o)
 .debug_aranges
                0x00000dd0       0x20 nand_sunxi/libnand(nand_simple_r.o)
 .debug_aranges
                0x00000df0       0x20 nand_sunxi/libnand(nand_simple_w.o)
 .debug_aranges
                0x00000e10       0x20 nand_sunxi/libnand(mbr.o)
 .debug_aranges
                0x00000e30       0x20 nand_sunxi/libnand(nand_scan.o)
 .debug_aranges
                0x00000e50       0x20 nand_sunxi/libnand(bad_manage.o)
 .debug_aranges
                0x00000e70       0x20 nand_sunxi/libnand(nfc_r.o)
 .debug_aranges
                0x00000e90       0x20 nand_sunxi/libnand(nfc_w.o)
 .debug_aranges
                0x00000eb0       0x18 nand_sunxi/libnand(nand_id.o)
 .debug_aranges
                0x00000ec8       0x20 board/allwinner/sun7i-evb/libsun7i-evb.o
 .debug_aranges
                0x00000ee8       0x20 /home/jason/cubieboard/u-boot-sunxi/arch/arm/lib/eabi_compat.o

.debug_frame    0x00000000     0x7600
 .debug_frame   0x00000000      0x1d0 arch/arm/cpu/armv7/libarmv7.o
 .debug_frame   0x000001d0     0x1238 arch/arm/cpu/armv7/sunxi/libsunxi.o
 .debug_frame   0x00001408      0x420 arch/arm/lib/libarm.o
 .debug_frame   0x00001828     0x18d8 common/libcommon.o
 .debug_frame   0x00003100      0x1b8 disk/libdisk.o
 .debug_frame   0x000032b8       0x9c drivers/dma/libdma.o
 .debug_frame   0x00003354      0x420 drivers/mmc/libmmc.o
 .debug_frame   0x00003774      0xa98 drivers/mtd/nand/libnand.o
 .debug_frame   0x0000420c      0x188 drivers/serial/libserial.o
 .debug_frame   0x00004394      0x128 drivers/storage_type/libstorage_type.o
 .debug_frame   0x000044bc      0x1a4 fs/ext2/libext2fs.o
 .debug_frame   0x00004660      0x210 fs/ext4/libext4fs.o
 .debug_frame   0x00004870      0x3e0 fs/fat/libfat.o
 .debug_frame   0x00004c50       0xec fs/libfs.o
 .debug_frame   0x00004d3c      0x8f8 lib/libgeneric.o
 .debug_frame   0x00005634      0x124 lib/zlib/libz.o
 .debug_frame   0x00005758      0x268 nand_sunxi/libnand(nand_for_uboot.o)
 .debug_frame   0x000059c0      0x1cc nand_sunxi/libnand(nand_osal_uboot.o)
 .debug_frame   0x00005b8c       0xfc nand_sunxi/libnand(nand_fspart.o)
 .debug_frame   0x00005c88      0x1a4 nand_sunxi/libnand(nand_format.o)
 .debug_frame   0x00005e2c      0x260 nand_sunxi/libnand(logic_ctl.o)
 .debug_frame   0x0000608c      0x1ac nand_sunxi/libnand(mapping.o)
 .debug_frame   0x00006238      0x150 nand_sunxi/libnand(mapping_base.o)
 .debug_frame   0x00006388       0xf0 nand_sunxi/libnand(merge.o)
 .debug_frame   0x00006478       0x38 nand_sunxi/libnand(read_reclaim.o)
 .debug_frame   0x000064b0      0x2c8 nand_sunxi/libnand(nand_phy.o)
 .debug_frame   0x00006778      0x25c nand_sunxi/libnand(nand_simple_r.o)
 .debug_frame   0x000069d4      0x124 nand_sunxi/libnand(nand_simple_w.o)
 .debug_frame   0x00006af8       0xac nand_sunxi/libnand(mbr.o)
 .debug_frame   0x00006ba4      0x144 nand_sunxi/libnand(nand_scan.o)
 .debug_frame   0x00006ce8       0x5c nand_sunxi/libnand(bad_manage.o)
 .debug_frame   0x00006d44      0x4bc nand_sunxi/libnand(nfc_r.o)
 .debug_frame   0x00007200      0x254 nand_sunxi/libnand(nfc_w.o)
 .debug_frame   0x00007454      0x134 board/allwinner/sun7i-evb/libsun7i-evb.o
 .debug_frame   0x00007588       0x38 /home/jason/cubieboard/u-boot-sunxi/arch/arm/lib/eabi_compat.o
 .debug_frame   0x000075c0       0x20 /opt/arm-2013.05/bin/../lib/gcc/arm-none-linux-gnueabi/4.7.3/armv4t/libgcc.a(_udivsi3.o)
 .debug_frame   0x000075e0       0x20 /opt/arm-2013.05/bin/../lib/gcc/arm-none-linux-gnueabi/4.7.3/armv4t/libgcc.a(_divsi3.o)

.debug_str      0x00000000     0xce73
 .debug_str     0x00000000      0x3c8 arch/arm/cpu/armv7/libarmv7.o
                                0x66c (size before relaxing)
 .debug_str     0x000003c8     0x33ad arch/arm/cpu/armv7/sunxi/libsunxi.o
                               0x49f2 (size before relaxing)
 .debug_str     0x00003775      0x873 arch/arm/lib/libarm.o
                               0x1562 (size before relaxing)
 .debug_str     0x00003fe8     0x2b6b common/libcommon.o
                               0x79df (size before relaxing)
 .debug_str     0x00006b53      0x25c disk/libdisk.o
                                0x7e3 (size before relaxing)
 .debug_str     0x00006daf      0x2bf drivers/dma/libdma.o
                                0x3a1 (size before relaxing)
 .debug_str     0x0000706e      0x549 drivers/mmc/libmmc.o
                                0xd14 (size before relaxing)
 .debug_str     0x000075b7      0xcab drivers/mtd/nand/libnand.o
                               0x3bd7 (size before relaxing)
 .debug_str     0x00008262       0x50 drivers/pcmcia/libpcmcia.o
                                0x1bf (size before relaxing)
 .debug_str     0x000082b2       0x37 drivers/rtc/librtc.o
                                 0xd5 (size before relaxing)
 .debug_str     0x000082e9      0x23b drivers/serial/libserial.o
                                0x711 (size before relaxing)
 .debug_str     0x00008524      0x156 drivers/storage_type/libstorage_type.o
                                0x862 (size before relaxing)
 .debug_str     0x0000867a      0x523 fs/ext2/libext2fs.o
                                0x9e5 (size before relaxing)
 .debug_str     0x00008b9d      0x4ba fs/ext4/libext4fs.o
                               0x1751 (size before relaxing)
 .debug_str     0x00009057      0x692 fs/fat/libfat.o
                               0x10c3 (size before relaxing)
 .debug_str     0x000096e9      0x116 fs/libfs.o
                                0x52a (size before relaxing)
 .debug_str     0x000097ff      0x548 lib/libgeneric.o
                               0x1780 (size before relaxing)
 .debug_str     0x00009d47      0x2c4 lib/zlib/libz.o
                                0x5a8 (size before relaxing)
 .debug_str     0x0000a00b      0x6bb nand_sunxi/libnand(nand_for_uboot.o)
                                0x989 (size before relaxing)
 .debug_str     0x0000a6c6      0x1f5 nand_sunxi/libnand(nand_osal_uboot.o)
                                0x47c (size before relaxing)
 .debug_str     0x0000a8bb       0x88 nand_sunxi/libnand(nand_fspart.o)
                                0x349 (size before relaxing)
 .debug_str     0x0000a943      0xa35 nand_sunxi/libnand(nand_format.o)
                                0xd8a (size before relaxing)
 .debug_str     0x0000b378      0x405 nand_sunxi/libnand(logic_ctl.o)
                                0xc31 (size before relaxing)
 .debug_str     0x0000b77d      0x20d nand_sunxi/libnand(mapping.o)
                                0x9e8 (size before relaxing)
 .debug_str     0x0000b98a      0x17f nand_sunxi/libnand(mapping_base.o)
                                0x8e2 (size before relaxing)
 .debug_str     0x0000bb09       0xcc nand_sunxi/libnand(merge.o)
                                0x89e (size before relaxing)
 .debug_str     0x0000bbd5       0x19 nand_sunxi/libnand(read_reclaim.o)
                                0x608 (size before relaxing)
 .debug_str     0x0000bbee      0x4bf nand_sunxi/libnand(nand_phy.o)
                                0xa3f (size before relaxing)
 .debug_str     0x0000c0ad      0x1f0 nand_sunxi/libnand(nand_simple_r.o)
                                0x8a6 (size before relaxing)
 .debug_str     0x0000c29d       0x8e nand_sunxi/libnand(nand_simple_w.o)
                                0x5ac (size before relaxing)
 .debug_str     0x0000c32b       0x99 nand_sunxi/libnand(mbr.o)
                                0x7bc (size before relaxing)
 .debug_str     0x0000c3c4      0x224 nand_sunxi/libnand(nand_scan.o)
                                0x72d (size before relaxing)
 .debug_str     0x0000c5e8       0x7a nand_sunxi/libnand(bad_manage.o)
                                0x791 (size before relaxing)
 .debug_str     0x0000c662      0x47d nand_sunxi/libnand(nfc_r.o)
                                0x976 (size before relaxing)
 .debug_str     0x0000cadf      0x134 nand_sunxi/libnand(nfc_w.o)
                                0x55e (size before relaxing)
 .debug_str     0x0000cc13       0xd4 nand_sunxi/libnand(nand_id.o)
                                0x3ac (size before relaxing)
 .debug_str     0x0000cce7      0x15a board/allwinner/sun7i-evb/libsun7i-evb.o
                                0x6d3 (size before relaxing)
 .debug_str     0x0000ce41       0x32 /home/jason/cubieboard/u-boot-sunxi/arch/arm/lib/eabi_compat.o
                                0x108 (size before relaxing)

.debug_loc      0x00000000    0x402db
 .debug_loc     0x00000000      0x65f arch/arm/cpu/armv7/libarmv7.o
 .debug_loc     0x0000065f     0x90d2 arch/arm/cpu/armv7/sunxi/libsunxi.o
 .debug_loc     0x00009731      0xaa4 arch/arm/lib/libarm.o
 .debug_loc     0x0000a1d5     0xf9e8 common/libcommon.o
 .debug_loc     0x00019bbd      0xdd3 disk/libdisk.o
 .debug_loc     0x0001a990      0x209 drivers/dma/libdma.o
 .debug_loc     0x0001ab99     0x2b22 drivers/mmc/libmmc.o
 .debug_loc     0x0001d6bb     0x6916 drivers/mtd/nand/libnand.o
 .debug_loc     0x00023fd1      0x36d drivers/serial/libserial.o
 .debug_loc     0x0002433e      0x379 drivers/storage_type/libstorage_type.o
 .debug_loc     0x000246b7     0x105a fs/ext2/libext2fs.o
 .debug_loc     0x00025711     0x179f fs/ext4/libext4fs.o
 .debug_loc     0x00026eb0     0x3ae2 fs/fat/libfat.o
 .debug_loc     0x0002a992      0x6ce fs/libfs.o
 .debug_loc     0x0002b060     0x46d3 lib/libgeneric.o
 .debug_loc     0x0002f733     0x29ee lib/zlib/libz.o
 .debug_loc     0x00032121     0x13a1 nand_sunxi/libnand(nand_for_uboot.o)
 .debug_loc     0x000334c2      0x52c nand_sunxi/libnand(nand_osal_uboot.o)
 .debug_loc     0x000339ee      0x484 nand_sunxi/libnand(nand_fspart.o)
 .debug_loc     0x00033e72     0x1e7e nand_sunxi/libnand(nand_format.o)
 .debug_loc     0x00035cf0     0x1454 nand_sunxi/libnand(logic_ctl.o)
 .debug_loc     0x00037144      0xbee nand_sunxi/libnand(mapping.o)
 .debug_loc     0x00037d32      0x95e nand_sunxi/libnand(mapping_base.o)
 .debug_loc     0x00038690      0x66e nand_sunxi/libnand(merge.o)
 .debug_loc     0x00038cfe       0x93 nand_sunxi/libnand(read_reclaim.o)
 .debug_loc     0x00038d91     0x1d8a nand_sunxi/libnand(nand_phy.o)
 .debug_loc     0x0003ab1b     0x1151 nand_sunxi/libnand(nand_simple_r.o)
 .debug_loc     0x0003bc6c      0x6d1 nand_sunxi/libnand(nand_simple_w.o)
 .debug_loc     0x0003c33d      0x28c nand_sunxi/libnand(mbr.o)
 .debug_loc     0x0003c5c9      0x336 nand_sunxi/libnand(nand_scan.o)
 .debug_loc     0x0003c8ff      0x1ac nand_sunxi/libnand(bad_manage.o)
 .debug_loc     0x0003caab     0x1f05 nand_sunxi/libnand(nfc_r.o)
 .debug_loc     0x0003e9b0     0x1634 nand_sunxi/libnand(nfc_w.o)
 .debug_loc     0x0003ffe4      0x2ab board/allwinner/sun7i-evb/libsun7i-evb.o
 .debug_loc     0x0004028f       0x4c /home/jason/cubieboard/u-boot-sunxi/arch/arm/lib/eabi_compat.o

.debug_ranges   0x00000000     0x2c48
 .debug_ranges  0x00000000       0x60 arch/arm/cpu/armv7/libarmv7.o
 .debug_ranges  0x00000060      0x580 arch/arm/cpu/armv7/sunxi/libsunxi.o
 .debug_ranges  0x000005e0       0xa8 arch/arm/lib/libarm.o
 .debug_ranges  0x00000688      0xa58 common/libcommon.o
 .debug_ranges  0x000010e0       0x18 drivers/dma/libdma.o
 .debug_ranges  0x000010f8      0x300 drivers/mmc/libmmc.o
 .debug_ranges  0x000013f8      0x5a8 drivers/mtd/nand/libnand.o
 .debug_ranges  0x000019a0      0x148 fs/ext2/libext2fs.o
 .debug_ranges  0x00001ae8      0x158 fs/ext4/libext4fs.o
 .debug_ranges  0x00001c40      0x388 fs/fat/libfat.o
 .debug_ranges  0x00001fc8      0x238 lib/libgeneric.o
 .debug_ranges  0x00002200       0x48 lib/zlib/libz.o
 .debug_ranges  0x00002248      0x148 nand_sunxi/libnand(nand_for_uboot.o)
 .debug_ranges  0x00002390       0x18 nand_sunxi/libnand(nand_fspart.o)
 .debug_ranges  0x000023a8      0x4c8 nand_sunxi/libnand(nand_format.o)
 .debug_ranges  0x00002870       0xf0 nand_sunxi/libnand(logic_ctl.o)
 .debug_ranges  0x00002960      0x1c0 nand_sunxi/libnand(mapping.o)
 .debug_ranges  0x00002b20       0x18 nand_sunxi/libnand(merge.o)
 .debug_ranges  0x00002b38       0xe0 nand_sunxi/libnand(nand_simple_r.o)
 .debug_ranges  0x00002c18       0x18 nand_sunxi/libnand(nfc_r.o)
 .debug_ranges  0x00002c30       0x18 board/allwinner/sun7i-evb/libsun7i-evb.o
