nfc_w.c:64:6:_wait_twb	0	static
nfc_w.c:73:7:NFC_GetUniqueId	16	static
nfc_w.c:117:7:NFC_Write	32	static
nfc_w.c:216:7:NFC_Write_Seq	32	static
nfc_w.c:331:7:NFC_Write_1K	32	static
nfc_w.c:458:7:NFC_Erase	8	static
nfc_w.c:488:7:NFC_CopyBackRead	8	static
nfc_w.c:518:7:NFC_CopyBackWrite	8	static
nfc_w.c:538:7:_read_in_page_mode_seq	40	static
nfc_w.c:647:7:_read_in_page_mode_1K	40	static
nfc_w.c:759:7:_read_in_page_mode_spare	32	static
nfc_w.c:857:7:NFC_Read_Seq	24	static
nfc_w.c:875:7:NFC_Read_1K	24	static
nfc_w.c:893:7:NFC_Read_Spare	24	static
nfc_w.c:911:7:NFC_LSBInit	0	static
nfc_w.c:970:7:LSB_GetDefaultParam	16	static
nfc_w.c:985:7:LSB_SetDefaultParam	0	static
nfc_w.c:994:7:NFC_LSBEnable	16	static
nfc_w.c:1009:7:NFC_LSBDisable	16	static
nfc_w.c:1019:7:NFC_LSBExit	16	static
