nfc_r.c:117:6:NFC_InitDDRParam	0	static
nfc_r.c:123:6:nfc_repeat_mode_enable	0	static
nfc_r.c:137:6:nfc_repeat_mode_disable	0	static
nfc_r.c:150:7:_wait_cmdfifo_free	8	static
nfc_r.c:163:7:_wait_cmd_finish	8	static
nfc_r.c:176:6:_dma_config_start	0	static
nfc_r.c:181:7:_wait_dma_end	8	static
nfc_r.c:195:7:_reset	8	static
nfc_r.c:216:7:_check_ecc	48	static
nfc_r.c:253:6:_disable_ecc	0	static
nfc_r.c:260:6:_enable_ecc	0	static
nfc_r.c:283:7:_enter_nand_critical	0	static
nfc_r.c:288:7:_exit_nand_critical	0	static
nfc_r.c:293:6:_set_addr	12	static
nfc_r.c:310:7:_read_in_page_mode	40	static
nfc_r.c:415:7:NFC_Read	8	static
nfc_r.c:435:7:nfc_set_cmd_register	16	static
nfc_r.c:477:7:NFC_SetRandomSeed	0	static
nfc_r.c:490:7:NFC_RandomEnable	0	static
nfc_r.c:503:7:NFC_RandomDisable	0	static
nfc_r.c:528:7:NFC_GetId	16	static
nfc_r.c:566:7:NFC_GetStatus	8	static
nfc_r.c:599:7:NFC_ResetChip	8	static
nfc_r.c:626:7:NFC_SelectChip	0	static
nfc_r.c:658:7:NFC_SelectRb	0	static
nfc_r.c:676:7:NFC_DeSelectChip	0	static
nfc_r.c:691:7:NFC_DeSelectRb	0	static
nfc_r.c:712:7:NFC_CheckRbReady	0	static
nfc_r.c:737:7:NFC_ChangMode	8	static
nfc_r.c:790:7:NFC_SetEccMode	0	static
nfc_r.c:811:7:NFC_Init	8	static
nfc_r.c:864:6:NFC_Exit	8	static
nfc_r.c:884:7:_vender_get_param	32	static
nfc_r.c:930:7:_vender_set_param	48	static
nfc_r.c:1120:7:_vender_pre_condition	24	static
nfc_r.c:1161:7:_vender_get_param_otp_hynix	40	static
nfc_r.c:1319:7:NFC_ReadRetry	40	static
nfc_r.c:1470:7:NFC_ReadRetryInit	24	static
nfc_r.c:1610:6:NFC_GetOTPValue	0	static
nfc_r.c:1623:7:NFC_GetDefaultParam	24	static
nfc_r.c:1670:7:NFC_SetDefaultParam	32	static
nfc_r.c:1770:7:NFC_ReadRetry_off	80	static
nfc_r.c:1793:7:NFC_ReadRetryExit	0	static
nfc_r.c:1800:6:NFC_RbIntEnable	0	static
nfc_r.c:1806:6:NFC_RbIntDisable	0	static
nfc_r.c:1812:6:NFC_RbIntClearStatus	0	static
nfc_r.c:1818:7:NFC_RbIntGetStatus	0	static
nfc_r.c:1824:7:NFC_RbIntOccur	0	static
nfc_r.c:1829:7:NFC_GetRbSelect	0	static
nfc_r.c:1834:7:NFC_GetRbStatus	0	static
nfc_r.c:1844:6:NFC_DmaIntEnable	0	static
nfc_r.c:1851:6:NFC_DmaIntDisable	0	static
nfc_r.c:1857:6:NFC_DmaIntClearStatus	0	static
nfc_r.c:1863:7:NFC_DmaIntGetStatus	0	static
nfc_r.c:1869:7:NFC_DmaIntOccur	0	static
